[2024-07-27T11:01:23.113+0000][0.005s] Using G1
[2024-07-27T11:01:23.378+0000][0.270s] Version: 17.0.12+7 (release)
[2024-07-27T11:01:23.378+0000][0.270s] CPUs: 8 total, 8 available
[2024-07-27T11:01:23.379+0000][0.270s] Memory: 3922M
[2024-07-27T11:01:23.379+0000][0.270s] Large Page Support: Disabled
[2024-07-27T11:01:23.379+0000][0.270s] NUMA Support: Disabled
[2024-07-27T11:01:23.379+0000][0.270s] Compressed Oops: Enabled (32-bit)
[2024-07-27T11:01:23.379+0000][0.271s] Heap Region Size: 1M
[2024-07-27T11:01:23.379+0000][0.271s] Heap Min Capacity: 512M
[2024-07-27T11:01:23.379+0000][0.271s] Heap Initial Capacity: 512M
[2024-07-27T11:01:23.379+0000][0.271s] Heap Max Capacity: 512M
[2024-07-27T11:01:23.379+0000][0.271s] Pre-touch: Enabled
[2024-07-27T11:01:23.380+0000][0.271s] Parallel Workers: 8
[2024-07-27T11:01:23.380+0000][0.271s] Concurrent Workers: 2
[2024-07-27T11:01:23.380+0000][0.271s] Concurrent Refinement Workers: 8
[2024-07-27T11:01:23.380+0000][0.271s] Periodic GC: Disabled
[2024-07-27T11:01:23.389+0000][0.281s] CDS archive(s) mapped at: [0x0000007000000000-0x0000007000a70000-0x0000007000a70000), size 10944512, SharedBaseAddress: 0x0000007000000000, ArchiveRelocationMode: 1.
[2024-07-27T11:01:23.390+0000][0.281s] Compressed class space mapped at: 0x0000007001000000-0x0000007041000000, reserved size: 1073741824
[2024-07-27T11:01:23.390+0000][0.281s] Narrow klass base: 0x0000007000000000, Narrow klass shift: 0, Narrow klass range: 0x100000000
[2024-07-27T11:01:23.750+0000][0.641s] GC(0) Pause Young (Normal) (G1 Evacuation Pause)
[2024-07-27T11:01:23.750+0000][0.642s] GC(0) Using 8 workers of 8 for evacuation
[2024-07-27T11:01:23.752+0000][0.644s] GC(0)   Pre Evacuate Collection Set: 0.1ms
[2024-07-27T11:01:23.752+0000][0.644s] GC(0)   Merge Heap Roots: 0.1ms
[2024-07-27T11:01:23.752+0000][0.644s] GC(0)   Evacuate Collection Set: 1.2ms
[2024-07-27T11:01:23.752+0000][0.644s] GC(0)   Post Evacuate Collection Set: 0.3ms
[2024-07-27T11:01:23.752+0000][0.644s] GC(0)   Other: 0.3ms
[2024-07-27T11:01:23.752+0000][0.644s] GC(0) Eden regions: 29->0(59)
[2024-07-27T11:01:23.753+0000][0.644s] GC(0) Survivor regions: 0->4(4)
[2024-07-27T11:01:23.753+0000][0.644s] GC(0) Old regions: 0->1
[2024-07-27T11:01:23.753+0000][0.644s] GC(0) Archive regions: 2->2
[2024-07-27T11:01:23.753+0000][0.644s] GC(0) Humongous regions: 0->0
[2024-07-27T11:01:23.753+0000][0.644s] GC(0) Metaspace: 9794K(10048K)->9794K(10048K) NonClass: 8584K(8704K)->8584K(8704K) Class: 1210K(1344K)->1210K(1344K)
[2024-07-27T11:01:23.753+0000][0.644s] GC(0) Pause Young (Normal) (G1 Evacuation Pause) 29M->4M(512M) 2.998ms
[2024-07-27T11:01:23.753+0000][0.645s] GC(0) User=0.01s Sys=0.00s Real=0.00s
[2024-07-27T11:01:24.002+0000][0.893s] GC(1) Pause Young (Normal) (G1 Evacuation Pause)
[2024-07-27T11:01:24.002+0000][0.893s] GC(1) Using 8 workers of 8 for evacuation
[2024-07-27T11:01:24.009+0000][0.901s] GC(1)   Pre Evacuate Collection Set: 0.1ms
[2024-07-27T11:01:24.009+0000][0.901s] GC(1)   Merge Heap Roots: 0.1ms
[2024-07-27T11:01:24.009+0000][0.901s] GC(1)   Evacuate Collection Set: 6.5ms
[2024-07-27T11:01:24.009+0000][0.901s] GC(1)   Post Evacuate Collection Set: 0.5ms
[2024-07-27T11:01:24.009+0000][0.901s] GC(1)   Other: 0.4ms
[2024-07-27T11:01:24.010+0000][0.901s] GC(1) Eden regions: 59->0(76)
[2024-07-27T11:01:24.010+0000][0.901s] GC(1) Survivor regions: 4->8(8)
[2024-07-27T11:01:24.010+0000][0.901s] GC(1) Old regions: 1->7
[2024-07-27T11:01:24.010+0000][0.901s] GC(1) Archive regions: 2->2
[2024-07-27T11:01:24.010+0000][0.901s] GC(1) Humongous regions: 4->4
[2024-07-27T11:01:24.010+0000][0.901s] GC(1) Metaspace: 17819K(18048K)->17819K(18048K) NonClass: 15606K(15744K)->15606K(15744K) Class: 2213K(2304K)->2213K(2304K)
[2024-07-27T11:01:24.010+0000][0.901s] GC(1) Pause Young (Normal) (G1 Evacuation Pause) 67M->19M(512M) 8.261ms
[2024-07-27T11:01:24.010+0000][0.901s] GC(1) User=0.05s Sys=0.01s Real=0.01s
[2024-07-27T11:01:24.194+0000][1.086s] GC(2) Pause Young (Concurrent Start) (Metadata GC Threshold)
[2024-07-27T11:01:24.194+0000][1.086s] GC(2) Using 8 workers of 8 for evacuation
[2024-07-27T11:01:24.198+0000][1.090s] GC(2)   Pre Evacuate Collection Set: 0.1ms
[2024-07-27T11:01:24.198+0000][1.090s] GC(2)   Merge Heap Roots: 0.1ms
[2024-07-27T11:01:24.198+0000][1.090s] GC(2)   Evacuate Collection Set: 3.0ms
[2024-07-27T11:01:24.199+0000][1.090s] GC(2)   Post Evacuate Collection Set: 0.4ms
[2024-07-27T11:01:24.199+0000][1.090s] GC(2)   Other: 0.5ms
[2024-07-27T11:01:24.199+0000][1.090s] GC(2) Eden regions: 60->0(256)
[2024-07-27T11:01:24.199+0000][1.090s] GC(2) Survivor regions: 8->10(11)
[2024-07-27T11:01:24.199+0000][1.090s] GC(2) Old regions: 7->10
[2024-07-27T11:01:24.199+0000][1.090s] GC(2) Archive regions: 2->2
[2024-07-27T11:01:24.199+0000][1.090s] GC(2) Humongous regions: 4->4
[2024-07-27T11:01:24.199+0000][1.091s] GC(2) Metaspace: 21151K(21504K)->21151K(21504K) NonClass: 18532K(18688K)->18532K(18688K) Class: 2619K(2816K)->2619K(2816K)
[2024-07-27T11:01:24.199+0000][1.091s] GC(2) Pause Young (Concurrent Start) (Metadata GC Threshold) 78M->24M(512M) 4.886ms
[2024-07-27T11:01:24.199+0000][1.091s] GC(2) User=0.02s Sys=0.01s Real=0.01s
[2024-07-27T11:01:24.199+0000][1.091s] GC(3) Concurrent Mark Cycle
[2024-07-27T11:01:24.199+0000][1.091s] GC(3) Concurrent Clear Claimed Marks
[2024-07-27T11:01:24.200+0000][1.091s] GC(3) Concurrent Clear Claimed Marks 0.284ms
[2024-07-27T11:01:24.200+0000][1.091s] GC(3) Concurrent Scan Root Regions
[2024-07-27T11:01:24.203+0000][1.094s] GC(3) Concurrent Scan Root Regions 3.040ms
[2024-07-27T11:01:24.203+0000][1.095s] GC(3) Concurrent Mark
[2024-07-27T11:01:24.204+0000][1.095s] GC(3) Concurrent Mark From Roots
[2024-07-27T11:01:24.204+0000][1.096s] GC(3) Using 2 workers of 2 for marking
[2024-07-27T11:01:24.210+0000][1.102s] GC(3) Concurrent Mark From Roots 6.683ms
[2024-07-27T11:01:24.211+0000][1.102s] GC(3) Concurrent Preclean
[2024-07-27T11:01:24.211+0000][1.103s] GC(3) Concurrent Preclean 0.223ms
[2024-07-27T11:01:24.212+0000][1.103s] GC(3) Pause Remark
[2024-07-27T11:01:24.214+0000][1.105s] GC(3) Pause Remark 26M->26M(512M) 2.146ms
[2024-07-27T11:01:24.214+0000][1.105s] GC(3) User=0.01s Sys=0.00s Real=0.00s
[2024-07-27T11:01:24.214+0000][1.106s] GC(3) Concurrent Mark 10.765ms
[2024-07-27T11:01:24.214+0000][1.106s] GC(3) Concurrent Rebuild Remembered Sets
[2024-07-27T11:01:24.217+0000][1.109s] GC(3) Concurrent Rebuild Remembered Sets 3.213ms
[2024-07-27T11:01:24.219+0000][1.110s] GC(3) Pause Cleanup
[2024-07-27T11:01:24.219+0000][1.111s] GC(3) Pause Cleanup 26M->26M(512M) 0.152ms
[2024-07-27T11:01:24.219+0000][1.111s] GC(3) User=0.00s Sys=0.00s Real=0.00s
[2024-07-27T11:01:24.219+0000][1.111s] GC(3) Concurrent Cleanup for Next Mark
[2024-07-27T11:01:24.220+0000][1.111s] GC(3) Concurrent Cleanup for Next Mark 0.433ms
[2024-07-27T11:01:24.220+0000][1.111s] GC(3) Concurrent Mark Cycle 20.522ms
[2024-07-27T11:01:25.262+0000][2.154s] GC(4) Pause Young (Concurrent Start) (Metadata GC Threshold)
[2024-07-27T11:01:25.262+0000][2.154s] GC(4) Using 8 workers of 8 for evacuation
[2024-07-27T11:01:25.272+0000][2.163s] GC(4)   Pre Evacuate Collection Set: 0.6ms
[2024-07-27T11:01:25.272+0000][2.163s] GC(4)   Merge Heap Roots: 0.1ms
[2024-07-27T11:01:25.272+0000][2.164s] GC(4)   Evacuate Collection Set: 7.3ms
[2024-07-27T11:01:25.272+0000][2.164s] GC(4)   Post Evacuate Collection Set: 0.7ms
[2024-07-27T11:01:25.272+0000][2.164s] GC(4)   Other: 0.9ms
[2024-07-27T11:01:25.272+0000][2.164s] GC(4) Eden regions: 103->0(291)
[2024-07-27T11:01:25.272+0000][2.164s] GC(4) Survivor regions: 10->16(38)
[2024-07-27T11:01:25.273+0000][2.164s] GC(4) Old regions: 10->10
[2024-07-27T11:01:25.273+0000][2.164s] GC(4) Archive regions: 2->2
[2024-07-27T11:01:25.273+0000][2.164s] GC(4) Humongous regions: 4->4
[2024-07-27T11:01:25.273+0000][2.164s] GC(4) Metaspace: 35799K(36160K)->35799K(36160K) NonClass: 31312K(31488K)->31312K(31488K) Class: 4486K(4672K)->4486K(4672K)
[2024-07-27T11:01:25.273+0000][2.165s] GC(4) Pause Young (Concurrent Start) (Metadata GC Threshold) 127M->30M(512M) 10.763ms
[2024-07-27T11:01:25.273+0000][2.165s] GC(4) User=0.06s Sys=0.00s Real=0.01s
[2024-07-27T11:01:25.273+0000][2.165s] GC(5) Concurrent Mark Cycle
[2024-07-27T11:01:25.274+0000][2.165s] GC(5) Concurrent Clear Claimed Marks
[2024-07-27T11:01:25.274+0000][2.165s] GC(5) Concurrent Clear Claimed Marks 0.267ms
[2024-07-27T11:01:25.274+0000][2.166s] GC(5) Concurrent Scan Root Regions
[2024-07-27T11:01:25.279+0000][2.171s] GC(5) Concurrent Scan Root Regions 5.049ms
[2024-07-27T11:01:25.280+0000][2.171s] GC(5) Concurrent Mark
[2024-07-27T11:01:25.281+0000][2.173s] GC(5) Concurrent Mark From Roots
[2024-07-27T11:01:25.283+0000][2.175s] GC(5) Using 2 workers of 2 for marking
[2024-07-27T11:01:25.293+0000][2.184s] GC(5) Concurrent Mark From Roots 11.673ms
[2024-07-27T11:01:25.293+0000][2.185s] GC(5) Concurrent Preclean
[2024-07-27T11:01:25.294+0000][2.185s] GC(5) Concurrent Preclean 0.638ms
[2024-07-27T11:01:25.296+0000][2.187s] GC(5) Pause Remark
[2024-07-27T11:01:25.298+0000][2.190s] GC(5) Pause Remark 32M->32M(512M) 2.336ms
[2024-07-27T11:01:25.298+0000][2.190s] GC(5) User=0.01s Sys=0.00s Real=0.01s
[2024-07-27T11:01:25.298+0000][2.190s] GC(5) Concurrent Mark 18.857ms
[2024-07-27T11:01:25.299+0000][2.190s] GC(5) Concurrent Rebuild Remembered Sets
[2024-07-27T11:01:25.303+0000][2.194s] GC(5) Concurrent Rebuild Remembered Sets 3.996ms
[2024-07-27T11:01:25.304+0000][2.195s] GC(5) Pause Cleanup
[2024-07-27T11:01:25.304+0000][2.195s] GC(5) Pause Cleanup 32M->32M(512M) 0.181ms
[2024-07-27T11:01:25.304+0000][2.195s] GC(5) User=0.00s Sys=0.00s Real=0.00s
[2024-07-27T11:01:25.304+0000][2.196s] GC(5) Concurrent Cleanup for Next Mark
[2024-07-27T11:01:25.306+0000][2.198s] GC(5) Concurrent Cleanup for Next Mark 2.379ms
[2024-07-27T11:01:25.307+0000][2.198s] GC(5) Concurrent Mark Cycle 33.462ms
[2024-07-27T11:04:12.774+0000][169.666s] GC(6) Pause Young (Prepare Mixed) (G1 Evacuation Pause)
[2024-07-27T11:04:12.775+0000][169.667s] GC(6) Using 8 workers of 8 for evacuation
[2024-07-27T11:04:12.870+0000][169.761s] GC(6)   Pre Evacuate Collection Set: 1.0ms
[2024-07-27T11:04:12.870+0000][169.762s] GC(6)   Merge Heap Roots: 0.3ms
[2024-07-27T11:04:12.870+0000][169.762s] GC(6)   Evacuate Collection Set: 87.7ms
[2024-07-27T11:04:12.871+0000][169.762s] GC(6)   Post Evacuate Collection Set: 4.4ms
[2024-07-27T11:04:12.871+0000][169.762s] GC(6)   Other: 2.3ms
[2024-07-27T11:04:12.871+0000][169.762s] GC(6) Eden regions: 291->0(1)
[2024-07-27T11:04:12.871+0000][169.762s] GC(6) Survivor regions: 16->34(39)
[2024-07-27T11:04:12.871+0000][169.763s] GC(6) Old regions: 10->10
[2024-07-27T11:04:12.871+0000][169.763s] GC(6) Archive regions: 2->2
[2024-07-27T11:04:12.871+0000][169.763s] GC(6) Humongous regions: 10->10
[2024-07-27T11:04:12.871+0000][169.763s] GC(6) Metaspace: 55534K(56064K)->55534K(56064K) NonClass: 48434K(48704K)->48434K(48704K) Class: 7099K(7360K)->7099K(7360K)
[2024-07-27T11:04:12.871+0000][169.763s] GC(6) Pause Young (Prepare Mixed) (G1 Evacuation Pause) 327M->54M(512M) 96.763ms
[2024-07-27T11:04:12.871+0000][169.763s] GC(6) User=0.67s Sys=0.00s Real=0.10s
[2024-07-27T11:04:12.879+0000][169.770s] GC(7) Pause Young (Mixed) (G1 Evacuation Pause)
[2024-07-27T11:04:12.879+0000][169.770s] GC(7) Using 8 workers of 8 for evacuation
[2024-07-27T11:04:12.897+0000][169.789s] GC(7)   Pre Evacuate Collection Set: 0.1ms
[2024-07-27T11:04:12.897+0000][169.789s] GC(7)   Merge Heap Roots: 0.1ms
[2024-07-27T11:04:12.897+0000][169.789s] GC(7)   Evacuate Collection Set: 17.0ms
[2024-07-27T11:04:12.897+0000][169.789s] GC(7)   Post Evacuate Collection Set: 1.0ms
[2024-07-27T11:04:12.897+0000][169.789s] GC(7)   Other: 0.3ms
[2024-07-27T11:04:12.898+0000][169.789s] GC(7) Eden regions: 1->0(304)
[2024-07-27T11:04:12.898+0000][169.789s] GC(7) Survivor regions: 34->2(5)
[2024-07-27T11:04:12.898+0000][169.789s] GC(7) Old regions: 10->43
[2024-07-27T11:04:12.898+0000][169.789s] GC(7) Archive regions: 2->2
[2024-07-27T11:04:12.898+0000][169.789s] GC(7) Humongous regions: 10->10
[2024-07-27T11:04:12.898+0000][169.790s] GC(7) Metaspace: 55534K(56064K)->55534K(56064K) NonClass: 48434K(48704K)->48434K(48704K) Class: 7099K(7360K)->7099K(7360K)
[2024-07-27T11:04:12.898+0000][169.790s] GC(7) Pause Young (Mixed) (G1 Evacuation Pause) 55M->55M(512M) 19.261ms
[2024-07-27T11:04:12.898+0000][169.790s] GC(7) User=0.12s Sys=0.00s Real=0.02s
[2024-07-27T11:07:05.389+0000][342.281s] GC(8) Pause Young (Concurrent Start) (G1 Evacuation Pause)
[2024-07-27T11:07:05.389+0000][342.281s] GC(8) Using 8 workers of 8 for evacuation
[2024-07-27T11:07:05.416+0000][342.308s] GC(8)   Pre Evacuate Collection Set: 1.1ms
[2024-07-27T11:07:05.416+0000][342.308s] GC(8)   Merge Heap Roots: 0.2ms
[2024-07-27T11:07:05.416+0000][342.308s] GC(8)   Evacuate Collection Set: 17.5ms
[2024-07-27T11:07:05.416+0000][342.308s] GC(8)   Post Evacuate Collection Set: 6.1ms
[2024-07-27T11:07:05.416+0000][342.308s] GC(8)   Other: 2.2ms
[2024-07-27T11:07:05.416+0000][342.308s] GC(8) Eden regions: 304->0(299)
[2024-07-27T11:07:05.416+0000][342.308s] GC(8) Survivor regions: 2->8(39)
[2024-07-27T11:07:05.416+0000][342.308s] GC(8) Old regions: 43->43
[2024-07-27T11:07:05.417+0000][342.309s] GC(8) Archive regions: 2->2
[2024-07-27T11:07:05.417+0000][342.309s] GC(8) Humongous regions: 10->10
[2024-07-27T11:07:05.417+0000][342.309s] GC(8) Metaspace: 57905K(58432K)->57905K(58432K) NonClass: 50554K(50816K)->50554K(50816K) Class: 7350K(7616K)->7350K(7616K)
[2024-07-27T11:07:05.417+0000][342.309s] GC(8) Pause Young (Concurrent Start) (G1 Evacuation Pause) 359M->60M(512M) 28.321ms
[2024-07-27T11:07:05.417+0000][342.309s] GC(8) User=0.16s Sys=0.00s Real=0.02s
[2024-07-27T11:07:05.418+0000][342.310s] GC(9) Concurrent Mark Cycle
[2024-07-27T11:07:05.418+0000][342.310s] GC(9) Concurrent Clear Claimed Marks
[2024-07-27T11:07:05.418+0000][342.310s] GC(9) Concurrent Clear Claimed Marks 0.263ms
[2024-07-27T11:07:05.418+0000][342.310s] GC(9) Concurrent Scan Root Regions
[2024-07-27T11:07:05.422+0000][342.314s] GC(9) Concurrent Scan Root Regions 3.455ms
[2024-07-27T11:07:05.422+0000][342.314s] GC(9) Concurrent Mark
[2024-07-27T11:07:05.423+0000][342.315s] GC(9) Concurrent Mark From Roots
[2024-07-27T11:07:05.423+0000][342.315s] GC(9) Using 2 workers of 2 for marking
[2024-07-27T11:07:05.458+0000][342.350s] GC(9) Concurrent Mark From Roots 35.107ms
[2024-07-27T11:07:05.458+0000][342.350s] GC(9) Concurrent Preclean
[2024-07-27T11:07:05.458+0000][342.350s] GC(9) Concurrent Preclean 0.184ms
[2024-07-27T11:07:05.458+0000][342.350s] GC(9) Pause Remark
[2024-07-27T11:07:05.495+0000][342.387s] GC(9) Pause Remark 62M->62M(512M) 36.838ms
[2024-07-27T11:07:05.495+0000][342.387s] GC(9) User=0.25s Sys=0.00s Real=0.03s
[2024-07-27T11:07:05.495+0000][342.387s] GC(9) Concurrent Mark 73.284ms
[2024-07-27T11:07:05.496+0000][342.388s] GC(9) Concurrent Rebuild Remembered Sets
[2024-07-27T11:07:05.509+0000][342.401s] GC(9) Concurrent Rebuild Remembered Sets 12.710ms
[2024-07-27T11:07:05.510+0000][342.402s] GC(9) Pause Cleanup
[2024-07-27T11:07:05.511+0000][342.402s] GC(9) Pause Cleanup 62M->62M(512M) 0.197ms
[2024-07-27T11:07:05.511+0000][342.403s] GC(9) User=0.00s Sys=0.00s Real=0.00s
[2024-07-27T11:07:05.511+0000][342.403s] GC(9) Concurrent Cleanup for Next Mark
[2024-07-27T11:07:05.515+0000][342.407s] GC(9) Concurrent Cleanup for Next Mark 4.034ms
[2024-07-27T11:07:05.515+0000][342.407s] GC(9) Concurrent Mark Cycle 97.308ms
[2024-07-27T13:04:28.727+0000][7032.066s] Heap
[2024-07-27T13:04:28.727+0000][7032.066s]  garbage-first heap   total 524288K, used 89300K [0x00000000e0000000, 0x0000000100000000)
[2024-07-27T13:04:28.727+0000][7032.067s]   region size 1024K, 35 young (35840K), 8 survivors (8192K)
[2024-07-27T13:04:28.727+0000][7032.067s]  Metaspace       used 58426K, committed 58944K, reserved 1114112K
[2024-07-27T13:04:28.728+0000][7032.067s]   class space    used 7401K, committed 7680K, reserved 1048576K
