[2024-07-28T07:14:17.880+0000][0.004s] Using G1
[2024-07-28T07:14:18.055+0000][0.179s] Version: 17.0.12+7 (release)
[2024-07-28T07:14:18.061+0000][0.185s] CPUs: 8 total, 8 available
[2024-07-28T07:14:18.064+0000][0.188s] Memory: 3922M
[2024-07-28T07:14:18.070+0000][0.194s] Large Page Support: Disabled
[2024-07-28T07:14:18.074+0000][0.198s] NUMA Support: Disabled
[2024-07-28T07:14:18.079+0000][0.203s] Compressed Oops: Enabled (32-bit)
[2024-07-28T07:14:18.108+0000][0.232s] Heap Region Size: 1M
[2024-07-28T07:14:18.112+0000][0.236s] Heap Min Capacity: 512M
[2024-07-28T07:14:18.113+0000][0.237s] Heap Initial Capacity: 512M
[2024-07-28T07:14:18.120+0000][0.244s] Heap Max Capacity: 512M
[2024-07-28T07:14:18.126+0000][0.251s] Pre-touch: Enabled
[2024-07-28T07:14:18.129+0000][0.253s] Parallel Workers: 8
[2024-07-28T07:14:18.132+0000][0.256s] Concurrent Workers: 2
[2024-07-28T07:14:18.133+0000][0.257s] Concurrent Refinement Workers: 8
[2024-07-28T07:14:18.133+0000][0.257s] Periodic GC: Disabled
[2024-07-28T07:14:18.142+0000][0.266s] CDS archive(s) mapped at: [0x0000004000000000-0x0000004000a70000-0x0000004000a70000), size 10944512, SharedBaseAddress: 0x0000004000000000, ArchiveRelocationMode: 1.
[2024-07-28T07:14:18.142+0000][0.266s] Compressed class space mapped at: 0x0000004001000000-0x0000004041000000, reserved size: 1073741824
[2024-07-28T07:14:18.142+0000][0.266s] Narrow klass base: 0x0000004000000000, Narrow klass shift: 0, Narrow klass range: 0x100000000
[2024-07-28T07:14:18.788+0000][0.912s] GC(0) Pause Young (Normal) (G1 Evacuation Pause)
[2024-07-28T07:14:18.789+0000][0.913s] GC(0) Using 8 workers of 8 for evacuation
[2024-07-28T07:14:18.791+0000][0.915s] GC(0)   Pre Evacuate Collection Set: 0.4ms
[2024-07-28T07:14:18.791+0000][0.915s] GC(0)   Merge Heap Roots: 0.0ms
[2024-07-28T07:14:18.791+0000][0.915s] GC(0)   Evacuate Collection Set: 1.7ms
[2024-07-28T07:14:18.791+0000][0.915s] GC(0)   Post Evacuate Collection Set: 0.4ms
[2024-07-28T07:14:18.791+0000][0.915s] GC(0)   Other: 0.4ms
[2024-07-28T07:14:18.791+0000][0.915s] GC(0) Eden regions: 29->0(59)
[2024-07-28T07:14:18.792+0000][0.916s] GC(0) Survivor regions: 0->4(4)
[2024-07-28T07:14:18.792+0000][0.916s] GC(0) Old regions: 0->1
[2024-07-28T07:14:18.792+0000][0.916s] GC(0) Archive regions: 2->2
[2024-07-28T07:14:18.792+0000][0.916s] GC(0) Humongous regions: 0->0
[2024-07-28T07:14:18.792+0000][0.916s] GC(0) Metaspace: 9845K(10112K)->9845K(10112K) NonClass: 8628K(8768K)->8628K(8768K) Class: 1216K(1344K)->1216K(1344K)
[2024-07-28T07:14:18.792+0000][0.916s] GC(0) Pause Young (Normal) (G1 Evacuation Pause) 29M->5M(512M) 3.561ms
[2024-07-28T07:14:18.792+0000][0.916s] GC(0) User=0.01s Sys=0.00s Real=0.01s
[2024-07-28T07:14:19.110+0000][1.234s] GC(1) Pause Young (Normal) (G1 Evacuation Pause)
[2024-07-28T07:14:19.110+0000][1.234s] GC(1) Using 8 workers of 8 for evacuation
[2024-07-28T07:14:19.116+0000][1.240s] GC(1)   Pre Evacuate Collection Set: 0.1ms
[2024-07-28T07:14:19.116+0000][1.240s] GC(1)   Merge Heap Roots: 0.1ms
[2024-07-28T07:14:19.116+0000][1.240s] GC(1)   Evacuate Collection Set: 4.9ms
[2024-07-28T07:14:19.116+0000][1.240s] GC(1)   Post Evacuate Collection Set: 0.4ms
[2024-07-28T07:14:19.116+0000][1.240s] GC(1)   Other: 0.3ms
[2024-07-28T07:14:19.116+0000][1.240s] GC(1) Eden regions: 57->0(136)
[2024-07-28T07:14:19.116+0000][1.240s] GC(1) Survivor regions: 4->8(8)
[2024-07-28T07:14:19.116+0000][1.240s] GC(1) Old regions: 1->6
[2024-07-28T07:14:19.116+0000][1.240s] GC(1) Archive regions: 2->2
[2024-07-28T07:14:19.116+0000][1.240s] GC(1) Humongous regions: 4->4
[2024-07-28T07:14:19.116+0000][1.240s] GC(1) Metaspace: 17824K(18048K)->17824K(18048K) NonClass: 15611K(15744K)->15611K(15744K) Class: 2212K(2304K)->2212K(2304K)
[2024-07-28T07:14:19.116+0000][1.240s] GC(1) Pause Young (Normal) (G1 Evacuation Pause) 66M->18M(512M) 6.217ms
[2024-07-28T07:14:19.116+0000][1.240s] GC(1) User=0.03s Sys=0.00s Real=0.00s
[2024-07-28T07:14:19.358+0000][1.482s] GC(2) Pause Young (Concurrent Start) (Metadata GC Threshold)
[2024-07-28T07:14:19.358+0000][1.482s] GC(2) Using 8 workers of 8 for evacuation
[2024-07-28T07:14:19.362+0000][1.486s] GC(2)   Pre Evacuate Collection Set: 0.1ms
[2024-07-28T07:14:19.362+0000][1.486s] GC(2)   Merge Heap Roots: 0.0ms
[2024-07-28T07:14:19.362+0000][1.486s] GC(2)   Evacuate Collection Set: 3.1ms
[2024-07-28T07:14:19.362+0000][1.486s] GC(2)   Post Evacuate Collection Set: 0.4ms
[2024-07-28T07:14:19.362+0000][1.486s] GC(2)   Other: 0.3ms
[2024-07-28T07:14:19.362+0000][1.486s] GC(2) Eden regions: 57->0(134)
[2024-07-28T07:14:19.362+0000][1.486s] GC(2) Survivor regions: 8->14(18)
[2024-07-28T07:14:19.362+0000][1.486s] GC(2) Old regions: 6->6
[2024-07-28T07:14:19.362+0000][1.486s] GC(2) Archive regions: 2->2
[2024-07-28T07:14:19.362+0000][1.486s] GC(2) Humongous regions: 4->4
[2024-07-28T07:14:19.362+0000][1.486s] GC(2) Metaspace: 21220K(21504K)->21220K(21504K) NonClass: 18597K(18752K)->18597K(18752K) Class: 2623K(2752K)->2623K(2752K)
[2024-07-28T07:14:19.362+0000][1.486s] GC(2) Pause Young (Concurrent Start) (Metadata GC Threshold) 75M->24M(512M) 4.361ms
[2024-07-28T07:14:19.362+0000][1.486s] GC(2) User=0.02s Sys=0.00s Real=0.01s
[2024-07-28T07:14:19.363+0000][1.487s] GC(3) Concurrent Mark Cycle
[2024-07-28T07:14:19.363+0000][1.487s] GC(3) Concurrent Clear Claimed Marks
[2024-07-28T07:14:19.363+0000][1.487s] GC(3) Concurrent Clear Claimed Marks 0.260ms
[2024-07-28T07:14:19.363+0000][1.487s] GC(3) Concurrent Scan Root Regions
[2024-07-28T07:14:19.365+0000][1.489s] GC(3) Concurrent Scan Root Regions 2.028ms
[2024-07-28T07:14:19.365+0000][1.489s] GC(3) Concurrent Mark
[2024-07-28T07:14:19.366+0000][1.490s] GC(3) Concurrent Mark From Roots
[2024-07-28T07:14:19.366+0000][1.490s] GC(3) Using 2 workers of 2 for marking
[2024-07-28T07:14:19.370+0000][1.494s] GC(3) Concurrent Mark From Roots 4.416ms
[2024-07-28T07:14:19.370+0000][1.494s] GC(3) Concurrent Preclean
[2024-07-28T07:14:19.371+0000][1.495s] GC(3) Concurrent Preclean 0.170ms
[2024-07-28T07:14:19.372+0000][1.496s] GC(3) Pause Remark
[2024-07-28T07:14:19.373+0000][1.497s] GC(3) Pause Remark 25M->25M(512M) 1.211ms
[2024-07-28T07:14:19.373+0000][1.497s] GC(3) User=0.00s Sys=0.00s Real=0.00s
[2024-07-28T07:14:19.374+0000][1.498s] GC(3) Concurrent Mark 8.027ms
[2024-07-28T07:14:19.374+0000][1.498s] GC(3) Concurrent Rebuild Remembered Sets
[2024-07-28T07:14:19.376+0000][1.500s] GC(3) Concurrent Rebuild Remembered Sets 2.476ms
[2024-07-28T07:14:19.377+0000][1.501s] GC(3) Pause Cleanup
[2024-07-28T07:14:19.377+0000][1.501s] GC(3) Pause Cleanup 25M->25M(512M) 0.124ms
[2024-07-28T07:14:19.377+0000][1.501s] GC(3) User=0.00s Sys=0.00s Real=0.00s
[2024-07-28T07:14:19.377+0000][1.501s] GC(3) Concurrent Cleanup for Next Mark
[2024-07-28T07:14:19.379+0000][1.503s] GC(3) Concurrent Cleanup for Next Mark 1.239ms
[2024-07-28T07:14:19.379+0000][1.503s] GC(3) Concurrent Mark Cycle 16.125ms
[2024-07-28T07:14:20.172+0000][2.296s] GC(4) Pause Young (Concurrent Start) (Metadata GC Threshold)
[2024-07-28T07:14:20.172+0000][2.296s] GC(4) Using 8 workers of 8 for evacuation
[2024-07-28T07:14:20.179+0000][2.303s] GC(4)   Pre Evacuate Collection Set: 0.2ms
[2024-07-28T07:14:20.179+0000][2.304s] GC(4)   Merge Heap Roots: 0.1ms
[2024-07-28T07:14:20.180+0000][2.304s] GC(4)   Evacuate Collection Set: 6.2ms
[2024-07-28T07:14:20.180+0000][2.304s] GC(4)   Post Evacuate Collection Set: 0.7ms
[2024-07-28T07:14:20.180+0000][2.304s] GC(4)   Other: 0.4ms
[2024-07-28T07:14:20.180+0000][2.304s] GC(4) Eden regions: 99->0(291)
[2024-07-28T07:14:20.180+0000][2.304s] GC(4) Survivor regions: 14->16(19)
[2024-07-28T07:14:20.180+0000][2.304s] GC(4) Old regions: 6->10
[2024-07-28T07:14:20.180+0000][2.304s] GC(4) Archive regions: 2->2
[2024-07-28T07:14:20.180+0000][2.304s] GC(4) Humongous regions: 4->4
[2024-07-28T07:14:20.180+0000][2.304s] GC(4) Metaspace: 35788K(36160K)->35788K(36160K) NonClass: 31301K(31488K)->31301K(31488K) Class: 4486K(4672K)->4486K(4672K)
[2024-07-28T07:14:20.180+0000][2.304s] GC(4) Pause Young (Concurrent Start) (Metadata GC Threshold) 123M->29M(512M) 8.182ms
[2024-07-28T07:14:20.180+0000][2.304s] GC(4) User=0.04s Sys=0.00s Real=0.01s
[2024-07-28T07:14:20.180+0000][2.304s] GC(5) Concurrent Mark Cycle
[2024-07-28T07:14:20.183+0000][2.307s] GC(5) Concurrent Clear Claimed Marks
[2024-07-28T07:14:20.183+0000][2.307s] GC(5) Concurrent Clear Claimed Marks 0.205ms
[2024-07-28T07:14:20.184+0000][2.308s] GC(5) Concurrent Scan Root Regions
[2024-07-28T07:14:20.187+0000][2.311s] GC(5) Concurrent Scan Root Regions 3.108ms
[2024-07-28T07:14:20.187+0000][2.311s] GC(5) Concurrent Mark
[2024-07-28T07:14:20.187+0000][2.311s] GC(5) Concurrent Mark From Roots
[2024-07-28T07:14:20.187+0000][2.311s] GC(5) Using 2 workers of 2 for marking
[2024-07-28T07:14:20.190+0000][2.314s] GC(5) Concurrent Mark From Roots 3.302ms
[2024-07-28T07:14:20.192+0000][2.316s] GC(5) Concurrent Preclean
[2024-07-28T07:14:20.192+0000][2.316s] GC(5) Concurrent Preclean 0.207ms
[2024-07-28T07:14:20.194+0000][2.318s] GC(5) Pause Remark
[2024-07-28T07:14:20.195+0000][2.319s] GC(5) Pause Remark 32M->32M(512M) 1.388ms
[2024-07-28T07:14:20.196+0000][2.320s] GC(5) User=0.01s Sys=0.00s Real=0.00s
[2024-07-28T07:14:20.196+0000][2.320s] GC(5) Concurrent Mark 8.894ms
[2024-07-28T07:14:20.196+0000][2.320s] GC(5) Concurrent Rebuild Remembered Sets
[2024-07-28T07:14:20.199+0000][2.323s] GC(5) Concurrent Rebuild Remembered Sets 3.060ms
[2024-07-28T07:14:20.200+0000][2.324s] GC(5) Pause Cleanup
[2024-07-28T07:14:20.200+0000][2.324s] GC(5) Pause Cleanup 33M->33M(512M) 0.120ms
[2024-07-28T07:14:20.200+0000][2.324s] GC(5) User=0.00s Sys=0.00s Real=0.00s
[2024-07-28T07:14:20.200+0000][2.324s] GC(5) Concurrent Cleanup for Next Mark
[2024-07-28T07:14:20.202+0000][2.326s] GC(5) Concurrent Cleanup for Next Mark 1.222ms
[2024-07-28T07:14:20.202+0000][2.326s] GC(5) Concurrent Mark Cycle 21.364ms
[2024-07-28T07:28:30.584+0000][852.713s] Heap
[2024-07-28T07:28:30.584+0000][852.713s]  garbage-first heap   total 524288K, used 212641K [0x00000000e0000000, 0x0000000100000000)
[2024-07-28T07:28:30.584+0000][852.713s]   region size 1024K, 188 young (192512K), 16 survivors (16384K)
[2024-07-28T07:28:30.584+0000][852.713s]  Metaspace       used 54774K, committed 55296K, reserved 1114112K
[2024-07-28T07:28:30.584+0000][852.713s]   class space    used 7112K, committed 7360K, reserved 1048576K
