[2024-07-28T07:30:56.632+0000][0.005s] Using G1
[2024-07-28T07:30:56.816+0000][0.189s] Version: 17.0.12+7 (release)
[2024-07-28T07:30:56.816+0000][0.189s] CPUs: 8 total, 8 available
[2024-07-28T07:30:56.816+0000][0.189s] Memory: 3922M
[2024-07-28T07:30:56.816+0000][0.189s] Large Page Support: Disabled
[2024-07-28T07:30:56.816+0000][0.189s] NUMA Support: Disabled
[2024-07-28T07:30:56.816+0000][0.190s] Compressed Oops: Enabled (32-bit)
[2024-07-28T07:30:56.817+0000][0.190s] Heap Region Size: 1M
[2024-07-28T07:30:56.817+0000][0.190s] Heap Min Capacity: 512M
[2024-07-28T07:30:56.817+0000][0.190s] Heap Initial Capacity: 512M
[2024-07-28T07:30:56.817+0000][0.190s] Heap Max Capacity: 512M
[2024-07-28T07:30:56.817+0000][0.190s] Pre-touch: Enabled
[2024-07-28T07:30:56.817+0000][0.190s] Parallel Workers: 8
[2024-07-28T07:30:56.817+0000][0.190s] Concurrent Workers: 2
[2024-07-28T07:30:56.817+0000][0.190s] Concurrent Refinement Workers: 8
[2024-07-28T07:30:56.817+0000][0.190s] Periodic GC: Disabled
[2024-07-28T07:30:56.821+0000][0.194s] CDS archive(s) mapped at: [0x0000004800000000-0x0000004800a70000-0x0000004800a70000), size 10944512, SharedBaseAddress: 0x0000004800000000, ArchiveRelocationMode: 1.
[2024-07-28T07:30:56.821+0000][0.194s] Compressed class space mapped at: 0x0000004801000000-0x0000004841000000, reserved size: 1073741824
[2024-07-28T07:30:56.821+0000][0.194s] Narrow klass base: 0x0000004800000000, Narrow klass shift: 0, Narrow klass range: 0x100000000
[2024-07-28T07:30:57.326+0000][0.699s] GC(0) Pause Young (Normal) (G1 Evacuation Pause)
[2024-07-28T07:30:57.326+0000][0.699s] GC(0) Using 8 workers of 8 for evacuation
[2024-07-28T07:30:57.329+0000][0.702s] GC(0)   Pre Evacuate Collection Set: 0.5ms
[2024-07-28T07:30:57.329+0000][0.702s] GC(0)   Merge Heap Roots: 0.1ms
[2024-07-28T07:30:57.329+0000][0.702s] GC(0)   Evacuate Collection Set: 1.6ms
[2024-07-28T07:30:57.329+0000][0.702s] GC(0)   Post Evacuate Collection Set: 0.5ms
[2024-07-28T07:30:57.329+0000][0.702s] GC(0)   Other: 0.3ms
[2024-07-28T07:30:57.329+0000][0.702s] GC(0) Eden regions: 29->0(60)
[2024-07-28T07:30:57.329+0000][0.702s] GC(0) Survivor regions: 0->4(4)
[2024-07-28T07:30:57.329+0000][0.702s] GC(0) Old regions: 0->0
[2024-07-28T07:30:57.329+0000][0.702s] GC(0) Archive regions: 2->2
[2024-07-28T07:30:57.329+0000][0.702s] GC(0) Humongous regions: 0->0
[2024-07-28T07:30:57.329+0000][0.702s] GC(0) Metaspace: 9664K(9920K)->9664K(9920K) NonClass: 8473K(8576K)->8473K(8576K) Class: 1191K(1344K)->1191K(1344K)
[2024-07-28T07:30:57.329+0000][0.703s] GC(0) Pause Young (Normal) (G1 Evacuation Pause) 29M->4M(512M) 3.794ms
[2024-07-28T07:30:57.329+0000][0.703s] GC(0) User=0.01s Sys=0.00s Real=0.00s
[2024-07-28T07:30:57.620+0000][0.993s] GC(1) Pause Young (Normal) (G1 Evacuation Pause)
[2024-07-28T07:30:57.620+0000][0.993s] GC(1) Using 8 workers of 8 for evacuation
[2024-07-28T07:30:57.631+0000][1.004s] GC(1)   Pre Evacuate Collection Set: 0.1ms
[2024-07-28T07:30:57.631+0000][1.004s] GC(1)   Merge Heap Roots: 0.1ms
[2024-07-28T07:30:57.631+0000][1.004s] GC(1)   Evacuate Collection Set: 10.2ms
[2024-07-28T07:30:57.631+0000][1.004s] GC(1)   Post Evacuate Collection Set: 0.5ms
[2024-07-28T07:30:57.631+0000][1.004s] GC(1)   Other: 0.3ms
[2024-07-28T07:30:57.631+0000][1.004s] GC(1) Eden regions: 60->0(77)
[2024-07-28T07:30:57.631+0000][1.005s] GC(1) Survivor regions: 4->8(8)
[2024-07-28T07:30:57.631+0000][1.005s] GC(1) Old regions: 0->7
[2024-07-28T07:30:57.631+0000][1.005s] GC(1) Archive regions: 2->2
[2024-07-28T07:30:57.632+0000][1.005s] GC(1) Humongous regions: 4->4
[2024-07-28T07:30:57.632+0000][1.005s] GC(1) Metaspace: 17840K(18048K)->17840K(18048K) NonClass: 15627K(15744K)->15627K(15744K) Class: 2212K(2304K)->2212K(2304K)
[2024-07-28T07:30:57.632+0000][1.005s] GC(1) Pause Young (Normal) (G1 Evacuation Pause) 68M->19M(512M) 11.697ms
[2024-07-28T07:30:57.632+0000][1.005s] GC(1) User=0.08s Sys=0.00s Real=0.01s
[2024-07-28T07:30:57.803+0000][1.176s] GC(2) Pause Young (Concurrent Start) (Metadata GC Threshold)
[2024-07-28T07:30:57.807+0000][1.180s] GC(2) Using 8 workers of 8 for evacuation
[2024-07-28T07:30:57.811+0000][1.184s] GC(2)   Pre Evacuate Collection Set: 0.1ms
[2024-07-28T07:30:57.811+0000][1.184s] GC(2)   Merge Heap Roots: 0.1ms
[2024-07-28T07:30:57.811+0000][1.184s] GC(2)   Evacuate Collection Set: 3.3ms
[2024-07-28T07:30:57.811+0000][1.184s] GC(2)   Post Evacuate Collection Set: 0.5ms
[2024-07-28T07:30:57.811+0000][1.184s] GC(2)   Other: 4.1ms
[2024-07-28T07:30:57.811+0000][1.184s] GC(2) Eden regions: 56->0(90)
[2024-07-28T07:30:57.811+0000][1.185s] GC(2) Survivor regions: 8->10(11)
[2024-07-28T07:30:57.812+0000][1.185s] GC(2) Old regions: 7->10
[2024-07-28T07:30:57.812+0000][1.185s] GC(2) Archive regions: 2->2
[2024-07-28T07:30:57.812+0000][1.185s] GC(2) Humongous regions: 4->4
[2024-07-28T07:30:57.812+0000][1.185s] GC(2) Metaspace: 21225K(21504K)->21225K(21504K) NonClass: 18602K(18752K)->18602K(18752K) Class: 2623K(2752K)->2623K(2752K)
[2024-07-28T07:30:57.812+0000][1.185s] GC(2) Pause Young (Concurrent Start) (Metadata GC Threshold) 74M->24M(512M) 9.086ms
[2024-07-28T07:30:57.812+0000][1.185s] GC(2) User=0.03s Sys=0.00s Real=0.01s
[2024-07-28T07:30:57.812+0000][1.185s] GC(3) Concurrent Mark Cycle
[2024-07-28T07:30:57.812+0000][1.185s] GC(3) Concurrent Clear Claimed Marks
[2024-07-28T07:30:57.812+0000][1.186s] GC(3) Concurrent Clear Claimed Marks 0.185ms
[2024-07-28T07:30:57.813+0000][1.186s] GC(3) Concurrent Scan Root Regions
[2024-07-28T07:30:57.816+0000][1.189s] GC(3) Concurrent Scan Root Regions 3.231ms
[2024-07-28T07:30:57.816+0000][1.189s] GC(3) Concurrent Mark
[2024-07-28T07:30:57.816+0000][1.189s] GC(3) Concurrent Mark From Roots
[2024-07-28T07:30:57.816+0000][1.189s] GC(3) Using 2 workers of 2 for marking
[2024-07-28T07:30:57.821+0000][1.194s] GC(3) Concurrent Mark From Roots 4.824ms
[2024-07-28T07:30:57.821+0000][1.194s] GC(3) Concurrent Preclean
[2024-07-28T07:30:57.822+0000][1.195s] GC(3) Concurrent Preclean 0.222ms
[2024-07-28T07:30:57.822+0000][1.195s] GC(3) Pause Remark
[2024-07-28T07:30:57.824+0000][1.197s] GC(3) Pause Remark 26M->26M(512M) 1.952ms
[2024-07-28T07:30:57.824+0000][1.197s] GC(3) User=0.01s Sys=0.00s Real=0.00s
[2024-07-28T07:30:57.824+0000][1.197s] GC(3) Concurrent Mark 7.876ms
[2024-07-28T07:30:57.824+0000][1.197s] GC(3) Concurrent Rebuild Remembered Sets
[2024-07-28T07:30:57.827+0000][1.200s] GC(3) Concurrent Rebuild Remembered Sets 2.527ms
[2024-07-28T07:30:57.828+0000][1.201s] GC(3) Pause Cleanup
[2024-07-28T07:30:57.828+0000][1.201s] GC(3) Pause Cleanup 27M->27M(512M) 0.172ms
[2024-07-28T07:30:57.828+0000][1.201s] GC(3) User=0.00s Sys=0.00s Real=0.00s
[2024-07-28T07:30:57.828+0000][1.201s] GC(3) Concurrent Cleanup for Next Mark
[2024-07-28T07:30:57.830+0000][1.203s] GC(3) Concurrent Cleanup for Next Mark 1.715ms
[2024-07-28T07:30:57.830+0000][1.203s] GC(3) Concurrent Mark Cycle 17.907ms
[2024-07-28T07:30:58.378+0000][1.751s] GC(4) Pause Young (Normal) (G1 Evacuation Pause)
[2024-07-28T07:30:58.378+0000][1.751s] GC(4) Using 8 workers of 8 for evacuation
[2024-07-28T07:30:58.383+0000][1.756s] GC(4)   Pre Evacuate Collection Set: 0.1ms
[2024-07-28T07:30:58.383+0000][1.756s] GC(4)   Merge Heap Roots: 0.1ms
[2024-07-28T07:30:58.383+0000][1.756s] GC(4)   Evacuate Collection Set: 4.2ms
[2024-07-28T07:30:58.383+0000][1.756s] GC(4)   Post Evacuate Collection Set: 0.6ms
[2024-07-28T07:30:58.383+0000][1.756s] GC(4)   Other: 0.3ms
[2024-07-28T07:30:58.383+0000][1.756s] GC(4) Eden regions: 96->0(297)
[2024-07-28T07:30:58.383+0000][1.757s] GC(4) Survivor regions: 10->10(14)
[2024-07-28T07:30:58.384+0000][1.757s] GC(4) Old regions: 10->15
[2024-07-28T07:30:58.384+0000][1.757s] GC(4) Archive regions: 2->2
[2024-07-28T07:30:58.384+0000][1.757s] GC(4) Humongous regions: 4->4
[2024-07-28T07:30:58.384+0000][1.757s] GC(4) Metaspace: 34392K(34752K)->34392K(34752K) NonClass: 30086K(30272K)->30086K(30272K) Class: 4306K(4480K)->4306K(4480K)
[2024-07-28T07:30:58.384+0000][1.757s] GC(4) Pause Young (Normal) (G1 Evacuation Pause) 120M->29M(512M) 6.290ms
[2024-07-28T07:30:58.384+0000][1.757s] GC(4) User=0.03s Sys=0.00s Real=0.00s
[2024-07-28T07:30:58.438+0000][1.811s] GC(5) Pause Young (Concurrent Start) (GCLocker Initiated GC)
[2024-07-28T07:30:58.438+0000][1.811s] GC(5) Using 8 workers of 8 for evacuation
[2024-07-28T07:30:58.442+0000][1.815s] GC(5)   Pre Evacuate Collection Set: 0.1ms
[2024-07-28T07:30:58.443+0000][1.816s] GC(5)   Merge Heap Roots: 0.0ms
[2024-07-28T07:30:58.443+0000][1.816s] GC(5)   Evacuate Collection Set: 3.8ms
[2024-07-28T07:30:58.443+0000][1.816s] GC(5)   Post Evacuate Collection Set: 0.4ms
[2024-07-28T07:30:58.443+0000][1.816s] GC(5)   Other: 0.4ms
[2024-07-28T07:30:58.443+0000][1.816s] GC(5) Eden regions: 11->0(296)
[2024-07-28T07:30:58.443+0000][1.816s] GC(5) Survivor regions: 10->11(39)
[2024-07-28T07:30:58.443+0000][1.816s] GC(5) Old regions: 15->15
[2024-07-28T07:30:58.443+0000][1.816s] GC(5) Archive regions: 2->2
[2024-07-28T07:30:58.443+0000][1.816s] GC(5) Humongous regions: 4->4
[2024-07-28T07:30:58.443+0000][1.816s] GC(5) Metaspace: 35965K(36352K)->35965K(36352K) NonClass: 31456K(31680K)->31456K(31680K) Class: 4508K(4672K)->4508K(4672K)
[2024-07-28T07:30:58.443+0000][1.816s] GC(5) Pause Young (Concurrent Start) (GCLocker Initiated GC) 40M->30M(512M) 5.617ms
[2024-07-28T07:30:58.443+0000][1.817s] GC(5) User=0.02s Sys=0.00s Real=0.00s
[2024-07-28T07:30:58.444+0000][1.817s] GC(6) Concurrent Mark Cycle
[2024-07-28T07:30:58.444+0000][1.817s] GC(6) Concurrent Clear Claimed Marks
[2024-07-28T07:30:58.444+0000][1.817s] GC(6) Concurrent Clear Claimed Marks 0.232ms
[2024-07-28T07:30:58.445+0000][1.818s] GC(6) Concurrent Scan Root Regions
[2024-07-28T07:30:58.447+0000][1.820s] GC(6) Concurrent Scan Root Regions 1.653ms
[2024-07-28T07:30:58.447+0000][1.820s] GC(6) Concurrent Mark
[2024-07-28T07:30:58.447+0000][1.820s] GC(6) Concurrent Mark From Roots
[2024-07-28T07:30:58.447+0000][1.820s] GC(6) Using 2 workers of 2 for marking
[2024-07-28T07:30:58.453+0000][1.826s] GC(6) Concurrent Mark From Roots 5.590ms
[2024-07-28T07:30:58.453+0000][1.826s] GC(6) Concurrent Preclean
[2024-07-28T07:30:58.453+0000][1.826s] GC(6) Concurrent Preclean 0.131ms
[2024-07-28T07:30:58.454+0000][1.827s] GC(6) Pause Remark
[2024-07-28T07:30:58.455+0000][1.828s] GC(6) Pause Remark 32M->32M(512M) 1.060ms
[2024-07-28T07:30:58.455+0000][1.828s] GC(6) User=0.01s Sys=0.00s Real=0.00s
[2024-07-28T07:30:58.455+0000][1.828s] GC(6) Concurrent Mark 8.167ms
[2024-07-28T07:30:58.455+0000][1.828s] GC(6) Concurrent Rebuild Remembered Sets
[2024-07-28T07:30:58.458+0000][1.831s] GC(6) Concurrent Rebuild Remembered Sets 3.042ms
[2024-07-28T07:30:58.459+0000][1.832s] GC(6) Pause Cleanup
[2024-07-28T07:30:58.459+0000][1.832s] GC(6) Pause Cleanup 33M->33M(512M) 0.187ms
[2024-07-28T07:30:58.459+0000][1.832s] GC(6) User=0.00s Sys=0.00s Real=0.00s
[2024-07-28T07:30:58.459+0000][1.832s] GC(6) Concurrent Cleanup for Next Mark
[2024-07-28T07:30:58.460+0000][1.833s] GC(6) Concurrent Cleanup for Next Mark 0.903ms
[2024-07-28T07:30:58.461+0000][1.834s] GC(6) Concurrent Mark Cycle 17.528ms
[2024-07-28T11:56:04.987+0000][12310.658s] Heap
[2024-07-28T11:56:04.988+0000][12310.659s]  garbage-first heap   total 524288K, used 214043K [0x00000000e0000000, 0x0000000100000000)
[2024-07-28T11:56:04.988+0000][12310.659s]   region size 1024K, 184 young (188416K), 11 survivors (11264K)
[2024-07-28T11:56:04.988+0000][12310.659s]  Metaspace       used 54927K, committed 55552K, reserved 1114112K
[2024-07-28T11:56:04.988+0000][12310.659s]   class space    used 7121K, committed 7424K, reserved 1048576K
