[2024-07-30T13:27:16.663+0000][0.011s] Using G1
[2024-07-30T13:27:16.830+0000][0.178s] Version: 17.0.12+7 (release)
[2024-07-30T13:27:16.846+0000][0.193s] CPUs: 8 total, 8 available
[2024-07-30T13:27:16.847+0000][0.195s] Memory: 3922M
[2024-07-30T13:27:16.858+0000][0.206s] Large Page Support: Disabled
[2024-07-30T13:27:16.866+0000][0.214s] NUMA Support: Disabled
[2024-07-30T13:27:16.870+0000][0.217s] Compressed Oops: Enabled (32-bit)
[2024-07-30T13:27:16.871+0000][0.218s] Heap Region Size: 1M
[2024-07-30T13:27:16.872+0000][0.220s] Heap Min Capacity: 512M
[2024-07-30T13:27:16.874+0000][0.222s] Heap Initial Capacity: 512M
[2024-07-30T13:27:16.875+0000][0.223s] Heap Max Capacity: 512M
[2024-07-30T13:27:16.877+0000][0.225s] Pre-touch: Enabled
[2024-07-30T13:27:16.879+0000][0.227s] Parallel Workers: 8
[2024-07-30T13:27:16.882+0000][0.230s] Concurrent Workers: 2
[2024-07-30T13:27:16.895+0000][0.242s] Concurrent Refinement Workers: 8
[2024-07-30T13:27:16.896+0000][0.244s] Periodic GC: Disabled
[2024-07-30T13:27:16.915+0000][0.263s] CDS archive(s) mapped at: [0x0000000400000000-0x0000000400a70000-0x0000000400a70000), size 10944512, SharedBaseAddress: 0x0000000400000000, ArchiveRelocationMode: 1.
[2024-07-30T13:27:16.917+0000][0.265s] Compressed class space mapped at: 0x0000000401000000-0x0000000441000000, reserved size: 1073741824
[2024-07-30T13:27:16.920+0000][0.268s] Narrow klass base: 0x0000000400000000, Narrow klass shift: 0, Narrow klass range: 0x100000000
[2024-07-30T13:27:17.541+0000][0.889s] GC(0) Pause Young (Normal) (G1 Evacuation Pause)
[2024-07-30T13:27:17.541+0000][0.889s] GC(0) Using 8 workers of 8 for evacuation
[2024-07-30T13:27:17.544+0000][0.892s] GC(0)   Pre Evacuate Collection Set: 0.1ms
[2024-07-30T13:27:17.544+0000][0.892s] GC(0)   Merge Heap Roots: 0.0ms
[2024-07-30T13:27:17.545+0000][0.892s] GC(0)   Evacuate Collection Set: 2.7ms
[2024-07-30T13:27:17.545+0000][0.893s] GC(0)   Post Evacuate Collection Set: 0.3ms
[2024-07-30T13:27:17.545+0000][0.893s] GC(0)   Other: 0.3ms
[2024-07-30T13:27:17.545+0000][0.893s] GC(0) Eden regions: 29->0(58)
[2024-07-30T13:27:17.545+0000][0.893s] GC(0) Survivor regions: 0->4(4)
[2024-07-30T13:27:17.545+0000][0.893s] GC(0) Old regions: 0->1
[2024-07-30T13:27:17.545+0000][0.893s] GC(0) Archive regions: 2->2
[2024-07-30T13:27:17.545+0000][0.893s] GC(0) Humongous regions: 0->0
[2024-07-30T13:27:17.545+0000][0.893s] GC(0) Metaspace: 9850K(10112K)->9850K(10112K) NonClass: 8633K(8768K)->8633K(8768K) Class: 1216K(1344K)->1216K(1344K)
[2024-07-30T13:27:17.545+0000][0.893s] GC(0) Pause Young (Normal) (G1 Evacuation Pause) 29M->5M(512M) 4.173ms
[2024-07-30T13:27:17.545+0000][0.893s] GC(0) User=0.02s Sys=0.00s Real=0.00s
[2024-07-30T13:27:17.871+0000][1.219s] GC(1) Pause Young (Normal) (G1 Evacuation Pause)
[2024-07-30T13:27:17.871+0000][1.219s] GC(1) Using 8 workers of 8 for evacuation
[2024-07-30T13:27:17.876+0000][1.224s] GC(1)   Pre Evacuate Collection Set: 0.1ms
[2024-07-30T13:27:17.877+0000][1.224s] GC(1)   Merge Heap Roots: 0.1ms
[2024-07-30T13:27:17.877+0000][1.225s] GC(1)   Evacuate Collection Set: 4.4ms
[2024-07-30T13:27:17.877+0000][1.225s] GC(1)   Post Evacuate Collection Set: 0.4ms
[2024-07-30T13:27:17.877+0000][1.225s] GC(1)   Other: 0.4ms
[2024-07-30T13:27:17.877+0000][1.225s] GC(1) Eden regions: 55->0(134)
[2024-07-30T13:27:17.877+0000][1.225s] GC(1) Survivor regions: 4->8(8)
[2024-07-30T13:27:17.877+0000][1.225s] GC(1) Old regions: 1->6
[2024-07-30T13:27:17.877+0000][1.225s] GC(1) Archive regions: 2->2
[2024-07-30T13:27:17.877+0000][1.225s] GC(1) Humongous regions: 4->4
[2024-07-30T13:27:17.877+0000][1.225s] GC(1) Metaspace: 17814K(18048K)->17814K(18048K) NonClass: 15601K(15744K)->15601K(15744K) Class: 2212K(2304K)->2212K(2304K)
[2024-07-30T13:27:17.877+0000][1.225s] GC(1) Pause Young (Normal) (G1 Evacuation Pause) 64M->18M(512M) 6.211ms
[2024-07-30T13:27:17.877+0000][1.225s] GC(1) User=0.03s Sys=0.00s Real=0.00s
[2024-07-30T13:27:18.151+0000][1.499s] GC(2) Pause Young (Concurrent Start) (Metadata GC Threshold)
[2024-07-30T13:27:18.152+0000][1.500s] GC(2) Using 8 workers of 8 for evacuation
[2024-07-30T13:27:18.158+0000][1.506s] GC(2)   Pre Evacuate Collection Set: 0.1ms
[2024-07-30T13:27:18.158+0000][1.506s] GC(2)   Merge Heap Roots: 0.1ms
[2024-07-30T13:27:18.158+0000][1.506s] GC(2)   Evacuate Collection Set: 4.9ms
[2024-07-30T13:27:18.158+0000][1.506s] GC(2)   Post Evacuate Collection Set: 0.5ms
[2024-07-30T13:27:18.158+0000][1.506s] GC(2)   Other: 0.6ms
[2024-07-30T13:27:18.158+0000][1.506s] GC(2) Eden regions: 59->0(118)
[2024-07-30T13:27:18.159+0000][1.506s] GC(2) Survivor regions: 8->14(18)
[2024-07-30T13:27:18.159+0000][1.507s] GC(2) Old regions: 6->6
[2024-07-30T13:27:18.159+0000][1.507s] GC(2) Archive regions: 2->2
[2024-07-30T13:27:18.159+0000][1.507s] GC(2) Humongous regions: 4->4
[2024-07-30T13:27:18.159+0000][1.507s] GC(2) Metaspace: 21209K(21504K)->21209K(21504K) NonClass: 18586K(18752K)->18586K(18752K) Class: 2623K(2752K)->2623K(2752K)
[2024-07-30T13:27:18.159+0000][1.507s] GC(2) Pause Young (Concurrent Start) (Metadata GC Threshold) 77M->23M(512M) 7.780ms
[2024-07-30T13:27:18.159+0000][1.507s] GC(2) User=0.04s Sys=0.01s Real=0.01s
[2024-07-30T13:27:18.160+0000][1.507s] GC(3) Concurrent Mark Cycle
[2024-07-30T13:27:18.160+0000][1.508s] GC(3) Concurrent Clear Claimed Marks
[2024-07-30T13:27:18.162+0000][1.510s] GC(3) Concurrent Clear Claimed Marks 1.935ms
[2024-07-30T13:27:18.162+0000][1.510s] GC(3) Concurrent Scan Root Regions
[2024-07-30T13:27:18.170+0000][1.518s] GC(3) Concurrent Scan Root Regions 7.891ms
[2024-07-30T13:27:18.170+0000][1.518s] GC(3) Concurrent Mark
[2024-07-30T13:27:18.170+0000][1.518s] GC(3) Concurrent Mark From Roots
[2024-07-30T13:27:18.171+0000][1.518s] GC(3) Using 2 workers of 2 for marking
[2024-07-30T13:27:18.175+0000][1.523s] GC(3) Concurrent Mark From Roots 4.450ms
[2024-07-30T13:27:18.175+0000][1.523s] GC(3) Concurrent Preclean
[2024-07-30T13:27:18.175+0000][1.523s] GC(3) Concurrent Preclean 0.122ms
[2024-07-30T13:27:18.176+0000][1.524s] GC(3) Pause Remark
[2024-07-30T13:27:18.177+0000][1.525s] GC(3) Pause Remark 25M->25M(512M) 1.483ms
[2024-07-30T13:27:18.177+0000][1.525s] GC(3) User=0.01s Sys=0.00s Real=0.00s
[2024-07-30T13:27:18.177+0000][1.525s] GC(3) Concurrent Mark 7.161ms
[2024-07-30T13:27:18.177+0000][1.525s] GC(3) Concurrent Rebuild Remembered Sets
[2024-07-30T13:27:18.180+0000][1.528s] GC(3) Concurrent Rebuild Remembered Sets 2.529ms
[2024-07-30T13:27:18.181+0000][1.529s] GC(3) Pause Cleanup
[2024-07-30T13:27:18.181+0000][1.529s] GC(3) Pause Cleanup 25M->25M(512M) 0.137ms
[2024-07-30T13:27:18.181+0000][1.529s] GC(3) User=0.00s Sys=0.00s Real=0.00s
[2024-07-30T13:27:18.181+0000][1.529s] GC(3) Concurrent Cleanup for Next Mark
[2024-07-30T13:27:18.182+0000][1.530s] GC(3) Concurrent Cleanup for Next Mark 1.141ms
[2024-07-30T13:27:18.182+0000][1.530s] GC(3) Concurrent Mark Cycle 22.719ms
[2024-07-30T13:27:18.812+0000][2.160s] GC(4) Pause Young (Concurrent Start) (Metadata GC Threshold)
[2024-07-30T13:27:18.812+0000][2.160s] GC(4) Using 8 workers of 8 for evacuation
[2024-07-30T13:27:18.819+0000][2.167s] GC(4)   Pre Evacuate Collection Set: 0.1ms
[2024-07-30T13:27:18.819+0000][2.167s] GC(4)   Merge Heap Roots: 0.1ms
[2024-07-30T13:27:18.819+0000][2.167s] GC(4)   Evacuate Collection Set: 5.7ms
[2024-07-30T13:27:18.819+0000][2.167s] GC(4)   Post Evacuate Collection Set: 0.7ms
[2024-07-30T13:27:18.819+0000][2.167s] GC(4)   Other: 0.3ms
[2024-07-30T13:27:18.819+0000][2.167s] GC(4) Eden regions: 90->0(291)
[2024-07-30T13:27:18.819+0000][2.167s] GC(4) Survivor regions: 14->16(18)
[2024-07-30T13:27:18.819+0000][2.167s] GC(4) Old regions: 6->10
[2024-07-30T13:27:18.819+0000][2.167s] GC(4) Archive regions: 2->2
[2024-07-30T13:27:18.819+0000][2.167s] GC(4) Humongous regions: 4->4
[2024-07-30T13:27:18.819+0000][2.167s] GC(4) Metaspace: 35907K(36288K)->35907K(36288K) NonClass: 31404K(31552K)->31404K(31552K) Class: 4502K(4736K)->4502K(4736K)
[2024-07-30T13:27:18.819+0000][2.167s] GC(4) Pause Young (Concurrent Start) (Metadata GC Threshold) 113M->29M(512M) 7.610ms
[2024-07-30T13:27:18.820+0000][2.167s] GC(4) User=0.05s Sys=0.00s Real=0.01s
[2024-07-30T13:27:18.820+0000][2.168s] GC(5) Concurrent Mark Cycle
[2024-07-30T13:27:18.820+0000][2.168s] GC(5) Concurrent Clear Claimed Marks
[2024-07-30T13:27:18.821+0000][2.168s] GC(5) Concurrent Clear Claimed Marks 0.536ms
[2024-07-30T13:27:18.821+0000][2.169s] GC(5) Concurrent Scan Root Regions
[2024-07-30T13:27:18.824+0000][2.172s] GC(5) Concurrent Scan Root Regions 3.170ms
[2024-07-30T13:27:18.824+0000][2.172s] GC(5) Concurrent Mark
[2024-07-30T13:27:18.824+0000][2.172s] GC(5) Concurrent Mark From Roots
[2024-07-30T13:27:18.824+0000][2.172s] GC(5) Using 2 workers of 2 for marking
[2024-07-30T13:27:18.828+0000][2.176s] GC(5) Concurrent Mark From Roots 3.400ms
[2024-07-30T13:27:18.828+0000][2.176s] GC(5) Concurrent Preclean
[2024-07-30T13:27:18.828+0000][2.176s] GC(5) Concurrent Preclean 0.206ms
[2024-07-30T13:27:18.828+0000][2.176s] GC(5) Pause Remark
[2024-07-30T13:27:18.830+0000][2.178s] GC(5) Pause Remark 31M->31M(512M) 1.244ms
[2024-07-30T13:27:18.830+0000][2.178s] GC(5) User=0.01s Sys=0.01s Real=0.01s
[2024-07-30T13:27:18.830+0000][2.178s] GC(5) Concurrent Mark 5.769ms
[2024-07-30T13:27:18.830+0000][2.178s] GC(5) Concurrent Rebuild Remembered Sets
[2024-07-30T13:27:18.832+0000][2.180s] GC(5) Concurrent Rebuild Remembered Sets 2.295ms
[2024-07-30T13:27:18.834+0000][2.182s] GC(5) Pause Cleanup
[2024-07-30T13:27:18.834+0000][2.182s] GC(5) Pause Cleanup 32M->32M(512M) 0.140ms
[2024-07-30T13:27:18.834+0000][2.182s] GC(5) User=0.00s Sys=0.00s Real=0.00s
[2024-07-30T13:27:18.834+0000][2.182s] GC(5) Concurrent Cleanup for Next Mark
[2024-07-30T13:27:18.835+0000][2.183s] GC(5) Concurrent Cleanup for Next Mark 1.167ms
[2024-07-30T13:27:18.836+0000][2.183s] GC(5) Concurrent Mark Cycle 15.979ms
[2024-07-30T13:27:57.131+0000][40.477s] Heap
[2024-07-30T13:27:57.131+0000][40.477s]  garbage-first heap   total 524288K, used 190861K [0x00000000e0000000, 0x0000000100000000)
[2024-07-30T13:27:57.131+0000][40.477s]   region size 1024K, 173 young (177152K), 16 survivors (16384K)
[2024-07-30T13:27:57.131+0000][40.477s]  Metaspace       used 52102K, committed 52608K, reserved 1114112K
[2024-07-30T13:27:57.132+0000][40.478s]   class space    used 6752K, committed 6976K, reserved 1048576K
