[2024-07-28T07:30:20.979+0000][0.004s] Using G1
[2024-07-28T07:30:21.157+0000][0.182s] Version: 17.0.12+7 (release)
[2024-07-28T07:30:21.158+0000][0.183s] CPUs: 8 total, 8 available
[2024-07-28T07:30:21.158+0000][0.183s] Memory: 3922M
[2024-07-28T07:30:21.158+0000][0.183s] Large Page Support: Disabled
[2024-07-28T07:30:21.158+0000][0.183s] NUMA Support: Disabled
[2024-07-28T07:30:21.158+0000][0.183s] Compressed Oops: Enabled (32-bit)
[2024-07-28T07:30:21.158+0000][0.183s] Heap Region Size: 1M
[2024-07-28T07:30:21.158+0000][0.183s] Heap Min Capacity: 512M
[2024-07-28T07:30:21.159+0000][0.183s] Heap Initial Capacity: 512M
[2024-07-28T07:30:21.159+0000][0.184s] Heap Max Capacity: 512M
[2024-07-28T07:30:21.159+0000][0.184s] Pre-touch: Enabled
[2024-07-28T07:30:21.159+0000][0.184s] Parallel Workers: 8
[2024-07-28T07:30:21.159+0000][0.184s] Concurrent Workers: 2
[2024-07-28T07:30:21.159+0000][0.184s] Concurrent Refinement Workers: 8
[2024-07-28T07:30:21.159+0000][0.184s] Periodic GC: Disabled
[2024-07-28T07:30:21.163+0000][0.188s] CDS archive(s) mapped at: [0x0000002800000000-0x0000002800a70000-0x0000002800a70000), size 10944512, SharedBaseAddress: 0x0000002800000000, ArchiveRelocationMode: 1.
[2024-07-28T07:30:21.163+0000][0.188s] Compressed class space mapped at: 0x0000002801000000-0x0000002841000000, reserved size: 1073741824
[2024-07-28T07:30:21.163+0000][0.188s] Narrow klass base: 0x0000002800000000, Narrow klass shift: 0, Narrow klass range: 0x100000000
[2024-07-28T07:30:21.686+0000][0.711s] GC(0) Pause Young (Normal) (G1 Evacuation Pause)
[2024-07-28T07:30:21.686+0000][0.711s] GC(0) Using 8 workers of 8 for evacuation
[2024-07-28T07:30:21.690+0000][0.715s] GC(0)   Pre Evacuate Collection Set: 0.4ms
[2024-07-28T07:30:21.690+0000][0.715s] GC(0)   Merge Heap Roots: 0.0ms
[2024-07-28T07:30:21.690+0000][0.715s] GC(0)   Evacuate Collection Set: 1.7ms
[2024-07-28T07:30:21.690+0000][0.715s] GC(0)   Post Evacuate Collection Set: 0.8ms
[2024-07-28T07:30:21.691+0000][0.715s] GC(0)   Other: 0.8ms
[2024-07-28T07:30:21.691+0000][0.715s] GC(0) Eden regions: 29->0(59)
[2024-07-28T07:30:21.691+0000][0.716s] GC(0) Survivor regions: 0->4(4)
[2024-07-28T07:30:21.691+0000][0.716s] GC(0) Old regions: 0->1
[2024-07-28T07:30:21.691+0000][0.716s] GC(0) Archive regions: 2->2
[2024-07-28T07:30:21.691+0000][0.716s] GC(0) Humongous regions: 0->0
[2024-07-28T07:30:21.691+0000][0.716s] GC(0) Metaspace: 9782K(10048K)->9782K(10048K) NonClass: 8572K(8704K)->8572K(8704K) Class: 1210K(1344K)->1210K(1344K)
[2024-07-28T07:30:21.691+0000][0.716s] GC(0) Pause Young (Normal) (G1 Evacuation Pause) 29M->4M(512M) 5.003ms
[2024-07-28T07:30:21.691+0000][0.716s] GC(0) User=0.02s Sys=0.00s Real=0.00s
[2024-07-28T07:30:22.039+0000][1.063s] GC(1) Pause Young (Normal) (G1 Evacuation Pause)
[2024-07-28T07:30:22.039+0000][1.064s] GC(1) Using 8 workers of 8 for evacuation
[2024-07-28T07:30:22.057+0000][1.082s] GC(1)   Pre Evacuate Collection Set: 0.1ms
[2024-07-28T07:30:22.058+0000][1.082s] GC(1)   Merge Heap Roots: 0.1ms
[2024-07-28T07:30:22.058+0000][1.082s] GC(1)   Evacuate Collection Set: 17.8ms
[2024-07-28T07:30:22.058+0000][1.083s] GC(1)   Post Evacuate Collection Set: 0.5ms
[2024-07-28T07:30:22.058+0000][1.083s] GC(1)   Other: 0.4ms
[2024-07-28T07:30:22.058+0000][1.083s] GC(1) Eden regions: 59->0(75)
[2024-07-28T07:30:22.058+0000][1.083s] GC(1) Survivor regions: 4->8(8)
[2024-07-28T07:30:22.058+0000][1.083s] GC(1) Old regions: 1->7
[2024-07-28T07:30:22.058+0000][1.083s] GC(1) Archive regions: 2->2
[2024-07-28T07:30:22.058+0000][1.083s] GC(1) Humongous regions: 4->4
[2024-07-28T07:30:22.058+0000][1.083s] GC(1) Metaspace: 17804K(18048K)->17804K(18048K) NonClass: 15592K(15744K)->15592K(15744K) Class: 2212K(2304K)->2212K(2304K)
[2024-07-28T07:30:22.058+0000][1.083s] GC(1) Pause Young (Normal) (G1 Evacuation Pause) 67M->18M(512M) 19.562ms
[2024-07-28T07:30:22.058+0000][1.083s] GC(1) User=0.11s Sys=0.01s Real=0.02s
[2024-07-28T07:30:22.257+0000][1.282s] GC(2) Pause Young (Concurrent Start) (Metadata GC Threshold)
[2024-07-28T07:30:22.257+0000][1.282s] GC(2) Using 8 workers of 8 for evacuation
[2024-07-28T07:30:22.267+0000][1.292s] GC(2)   Pre Evacuate Collection Set: 0.3ms
[2024-07-28T07:30:22.268+0000][1.292s] GC(2)   Merge Heap Roots: 0.8ms
[2024-07-28T07:30:22.268+0000][1.293s] GC(2)   Evacuate Collection Set: 7.7ms
[2024-07-28T07:30:22.268+0000][1.293s] GC(2)   Post Evacuate Collection Set: 0.5ms
[2024-07-28T07:30:22.268+0000][1.293s] GC(2)   Other: 1.4ms
[2024-07-28T07:30:22.268+0000][1.293s] GC(2) Eden regions: 56->0(97)
[2024-07-28T07:30:22.268+0000][1.293s] GC(2) Survivor regions: 8->10(11)
[2024-07-28T07:30:22.268+0000][1.293s] GC(2) Old regions: 7->10
[2024-07-28T07:30:22.268+0000][1.293s] GC(2) Archive regions: 2->2
[2024-07-28T07:30:22.268+0000][1.293s] GC(2) Humongous regions: 4->4
[2024-07-28T07:30:22.268+0000][1.293s] GC(2) Metaspace: 21264K(21504K)->21264K(21504K) NonClass: 18632K(18752K)->18632K(18752K) Class: 2632K(2752K)->2632K(2752K)
[2024-07-28T07:30:22.268+0000][1.293s] GC(2) Pause Young (Concurrent Start) (Metadata GC Threshold) 74M->24M(512M) 11.436ms
[2024-07-28T07:30:22.268+0000][1.293s] GC(2) User=0.05s Sys=0.00s Real=0.01s
[2024-07-28T07:30:22.268+0000][1.293s] GC(3) Concurrent Mark Cycle
[2024-07-28T07:30:22.269+0000][1.293s] GC(3) Concurrent Clear Claimed Marks
[2024-07-28T07:30:22.269+0000][1.294s] GC(3) Concurrent Clear Claimed Marks 0.211ms
[2024-07-28T07:30:22.269+0000][1.294s] GC(3) Concurrent Scan Root Regions
[2024-07-28T07:30:22.272+0000][1.296s] GC(3) Concurrent Scan Root Regions 2.594ms
[2024-07-28T07:30:22.272+0000][1.297s] GC(3) Concurrent Mark
[2024-07-28T07:30:22.272+0000][1.297s] GC(3) Concurrent Mark From Roots
[2024-07-28T07:30:22.272+0000][1.297s] GC(3) Using 2 workers of 2 for marking
[2024-07-28T07:30:22.277+0000][1.301s] GC(3) Concurrent Mark From Roots 4.697ms
[2024-07-28T07:30:22.277+0000][1.302s] GC(3) Concurrent Preclean
[2024-07-28T07:30:22.277+0000][1.302s] GC(3) Concurrent Preclean 0.313ms
[2024-07-28T07:30:22.278+0000][1.302s] GC(3) Pause Remark
[2024-07-28T07:30:22.279+0000][1.304s] GC(3) Pause Remark 26M->26M(512M) 1.680ms
[2024-07-28T07:30:22.279+0000][1.304s] GC(3) User=0.00s Sys=0.00s Real=0.00s
[2024-07-28T07:30:22.279+0000][1.304s] GC(3) Concurrent Mark 7.599ms
[2024-07-28T07:30:22.280+0000][1.304s] GC(3) Concurrent Rebuild Remembered Sets
[2024-07-28T07:30:22.283+0000][1.308s] GC(3) Concurrent Rebuild Remembered Sets 3.235ms
[2024-07-28T07:30:22.283+0000][1.308s] GC(3) Pause Cleanup
[2024-07-28T07:30:22.284+0000][1.308s] GC(3) Pause Cleanup 27M->27M(512M) 0.198ms
[2024-07-28T07:30:22.284+0000][1.308s] GC(3) User=0.00s Sys=0.00s Real=0.00s
[2024-07-28T07:30:22.284+0000][1.308s] GC(3) Concurrent Cleanup for Next Mark
[2024-07-28T07:30:22.286+0000][1.311s] GC(3) Concurrent Cleanup for Next Mark 2.397ms
[2024-07-28T07:30:22.286+0000][1.311s] GC(3) Concurrent Mark Cycle 18.034ms
[2024-07-28T07:30:22.932+0000][1.957s] GC(4) Pause Young (Concurrent Start) (Metadata GC Threshold)
[2024-07-28T07:30:22.932+0000][1.957s] GC(4) Using 8 workers of 8 for evacuation
[2024-07-28T07:30:22.939+0000][1.963s] GC(4)   Pre Evacuate Collection Set: 0.1ms
[2024-07-28T07:30:22.939+0000][1.963s] GC(4)   Merge Heap Roots: 0.1ms
[2024-07-28T07:30:22.939+0000][1.964s] GC(4)   Evacuate Collection Set: 5.3ms
[2024-07-28T07:30:22.939+0000][1.964s] GC(4)   Post Evacuate Collection Set: 0.6ms
[2024-07-28T07:30:22.939+0000][1.964s] GC(4)   Other: 0.4ms
[2024-07-28T07:30:22.939+0000][1.964s] GC(4) Eden regions: 96->0(296)
[2024-07-28T07:30:22.939+0000][1.964s] GC(4) Survivor regions: 10->11(15)
[2024-07-28T07:30:22.939+0000][1.964s] GC(4) Old regions: 10->15
[2024-07-28T07:30:22.939+0000][1.964s] GC(4) Archive regions: 2->2
[2024-07-28T07:30:22.939+0000][1.964s] GC(4) Humongous regions: 4->4
[2024-07-28T07:30:22.939+0000][1.964s] GC(4) Metaspace: 35868K(36288K)->35868K(36288K) NonClass: 31370K(31552K)->31370K(31552K) Class: 4497K(4736K)->4497K(4736K)
[2024-07-28T07:30:22.939+0000][1.964s] GC(4) Pause Young (Concurrent Start) (Metadata GC Threshold) 120M->30M(512M) 7.461ms
[2024-07-28T07:30:22.940+0000][1.964s] GC(4) User=0.05s Sys=0.00s Real=0.01s
[2024-07-28T07:30:22.940+0000][1.964s] GC(5) Concurrent Mark Cycle
[2024-07-28T07:30:22.940+0000][1.965s] GC(5) Concurrent Clear Claimed Marks
[2024-07-28T07:30:22.940+0000][1.965s] GC(5) Concurrent Clear Claimed Marks 0.088ms
[2024-07-28T07:30:22.940+0000][1.965s] GC(5) Concurrent Scan Root Regions
[2024-07-28T07:30:22.943+0000][1.968s] GC(5) Concurrent Scan Root Regions 2.585ms
[2024-07-28T07:30:22.943+0000][1.968s] GC(5) Concurrent Mark
[2024-07-28T07:30:22.943+0000][1.968s] GC(5) Concurrent Mark From Roots
[2024-07-28T07:30:22.943+0000][1.968s] GC(5) Using 2 workers of 2 for marking
[2024-07-28T07:30:22.947+0000][1.972s] GC(5) Concurrent Mark From Roots 4.100ms
[2024-07-28T07:30:22.947+0000][1.972s] GC(5) Concurrent Preclean
[2024-07-28T07:30:22.948+0000][1.972s] GC(5) Concurrent Preclean 0.130ms
[2024-07-28T07:30:22.949+0000][1.974s] GC(5) Pause Remark
[2024-07-28T07:30:22.950+0000][1.975s] GC(5) Pause Remark 32M->32M(512M) 1.294ms
[2024-07-28T07:30:22.950+0000][1.975s] GC(5) User=0.01s Sys=0.00s Real=0.00s
[2024-07-28T07:30:22.950+0000][1.975s] GC(5) Concurrent Mark 7.227ms
[2024-07-28T07:30:22.950+0000][1.975s] GC(5) Concurrent Rebuild Remembered Sets
[2024-07-28T07:30:22.953+0000][1.978s] GC(5) Concurrent Rebuild Remembered Sets 3.018ms
[2024-07-28T07:30:22.955+0000][1.980s] GC(5) Pause Cleanup
[2024-07-28T07:30:22.955+0000][1.980s] GC(5) Pause Cleanup 33M->33M(512M) 0.166ms
[2024-07-28T07:30:22.955+0000][1.980s] GC(5) User=0.00s Sys=0.00s Real=0.00s
[2024-07-28T07:30:22.955+0000][1.980s] GC(5) Concurrent Cleanup for Next Mark
[2024-07-28T07:30:22.957+0000][1.982s] GC(5) Concurrent Cleanup for Next Mark 1.714ms
[2024-07-28T07:30:22.957+0000][1.982s] GC(5) Concurrent Mark Cycle 17.381ms
[2024-07-28T07:30:31.118+0000][10.143s] Heap
[2024-07-28T07:30:31.118+0000][10.143s]  garbage-first heap   total 524288K, used 191206K [0x00000000e0000000, 0x0000000100000000)
[2024-07-28T07:30:31.119+0000][10.143s]   region size 1024K, 168 young (172032K), 11 survivors (11264K)
[2024-07-28T07:30:31.119+0000][10.144s]  Metaspace       used 52148K, committed 52608K, reserved 1114112K
[2024-07-28T07:30:31.119+0000][10.144s]   class space    used 6749K, committed 6976K, reserved 1048576K
