[2024-07-27T10:58:11.171+0000][0.005s] Using G1
[2024-07-27T10:58:11.467+0000][0.301s] Version: 17.0.12+7 (release)
[2024-07-27T10:58:11.467+0000][0.302s] CPUs: 8 total, 8 available
[2024-07-27T10:58:11.467+0000][0.302s] Memory: 3922M
[2024-07-27T10:58:11.467+0000][0.302s] Large Page Support: Disabled
[2024-07-27T10:58:11.467+0000][0.302s] NUMA Support: Disabled
[2024-07-27T10:58:11.467+0000][0.302s] Compressed Oops: Enabled (32-bit)
[2024-07-27T10:58:11.467+0000][0.302s] Heap Region Size: 1M
[2024-07-27T10:58:11.467+0000][0.302s] Heap Min Capacity: 512M
[2024-07-27T10:58:11.468+0000][0.302s] Heap Initial Capacity: 512M
[2024-07-27T10:58:11.468+0000][0.302s] Heap Max Capacity: 512M
[2024-07-27T10:58:11.468+0000][0.302s] Pre-touch: Enabled
[2024-07-27T10:58:11.468+0000][0.302s] Parallel Workers: 8
[2024-07-27T10:58:11.468+0000][0.302s] Concurrent Workers: 2
[2024-07-27T10:58:11.468+0000][0.303s] Concurrent Refinement Workers: 8
[2024-07-27T10:58:11.468+0000][0.303s] Periodic GC: Disabled
[2024-07-27T10:58:11.483+0000][0.318s] CDS archive(s) mapped at: [0x0000009000000000-0x0000009000a70000-0x0000009000a70000), size 10944512, SharedBaseAddress: 0x0000009000000000, ArchiveRelocationMode: 1.
[2024-07-27T10:58:11.483+0000][0.318s] Compressed class space mapped at: 0x0000009001000000-0x0000009041000000, reserved size: 1073741824
[2024-07-27T10:58:11.483+0000][0.318s] Narrow klass base: 0x0000009000000000, Narrow klass shift: 0, Narrow klass range: 0x100000000
[2024-07-27T10:58:12.045+0000][0.880s] GC(0) Pause Young (Normal) (G1 Evacuation Pause)
[2024-07-27T10:58:12.045+0000][0.880s] GC(0) Using 8 workers of 8 for evacuation
[2024-07-27T10:58:12.047+0000][0.882s] GC(0)   Pre Evacuate Collection Set: 0.1ms
[2024-07-27T10:58:12.047+0000][0.882s] GC(0)   Merge Heap Roots: 0.1ms
[2024-07-27T10:58:12.047+0000][0.882s] GC(0)   Evacuate Collection Set: 1.3ms
[2024-07-27T10:58:12.048+0000][0.882s] GC(0)   Post Evacuate Collection Set: 0.3ms
[2024-07-27T10:58:12.048+0000][0.882s] GC(0)   Other: 0.3ms
[2024-07-27T10:58:12.048+0000][0.882s] GC(0) Eden regions: 29->0(59)
[2024-07-27T10:58:12.048+0000][0.882s] GC(0) Survivor regions: 0->4(4)
[2024-07-27T10:58:12.048+0000][0.882s] GC(0) Old regions: 0->1
[2024-07-27T10:58:12.048+0000][0.883s] GC(0) Archive regions: 2->2
[2024-07-27T10:58:12.048+0000][0.883s] GC(0) Humongous regions: 0->0
[2024-07-27T10:58:12.048+0000][0.883s] GC(0) Metaspace: 9784K(10048K)->9784K(10048K) NonClass: 8575K(8704K)->8575K(8704K) Class: 1209K(1344K)->1209K(1344K)
[2024-07-27T10:58:12.048+0000][0.883s] GC(0) Pause Young (Normal) (G1 Evacuation Pause) 29M->4M(512M) 2.652ms
[2024-07-27T10:58:12.048+0000][0.883s] GC(0) User=0.01s Sys=0.00s Real=0.01s
[2024-07-27T10:58:12.324+0000][1.159s] GC(1) Pause Young (Normal) (G1 Evacuation Pause)
[2024-07-27T10:58:12.324+0000][1.159s] GC(1) Using 8 workers of 8 for evacuation
[2024-07-27T10:58:12.331+0000][1.166s] GC(1)   Pre Evacuate Collection Set: 0.1ms
[2024-07-27T10:58:12.331+0000][1.166s] GC(1)   Merge Heap Roots: 0.1ms
[2024-07-27T10:58:12.331+0000][1.166s] GC(1)   Evacuate Collection Set: 6.4ms
[2024-07-27T10:58:12.332+0000][1.166s] GC(1)   Post Evacuate Collection Set: 0.5ms
[2024-07-27T10:58:12.332+0000][1.166s] GC(1)   Other: 0.3ms
[2024-07-27T10:58:12.332+0000][1.166s] GC(1) Eden regions: 59->0(78)
[2024-07-27T10:58:12.332+0000][1.166s] GC(1) Survivor regions: 4->8(8)
[2024-07-27T10:58:12.332+0000][1.167s] GC(1) Old regions: 1->7
[2024-07-27T10:58:12.332+0000][1.167s] GC(1) Archive regions: 2->2
[2024-07-27T10:58:12.332+0000][1.167s] GC(1) Humongous regions: 4->4
[2024-07-27T10:58:12.332+0000][1.167s] GC(1) Metaspace: 17840K(18048K)->17840K(18048K) NonClass: 15627K(15744K)->15627K(15744K) Class: 2212K(2304K)->2212K(2304K)
[2024-07-27T10:58:12.332+0000][1.167s] GC(1) Pause Young (Normal) (G1 Evacuation Pause) 67M->19M(512M) 8.164ms
[2024-07-27T10:58:12.332+0000][1.167s] GC(1) User=0.02s Sys=0.02s Real=0.01s
[2024-07-27T10:58:12.595+0000][1.430s] GC(2) Pause Young (Concurrent Start) (Metadata GC Threshold)
[2024-07-27T10:58:12.595+0000][1.430s] GC(2) Using 8 workers of 8 for evacuation
[2024-07-27T10:58:12.600+0000][1.434s] GC(2)   Pre Evacuate Collection Set: 0.1ms
[2024-07-27T10:58:12.600+0000][1.434s] GC(2)   Merge Heap Roots: 0.1ms
[2024-07-27T10:58:12.600+0000][1.434s] GC(2)   Evacuate Collection Set: 3.2ms
[2024-07-27T10:58:12.600+0000][1.434s] GC(2)   Post Evacuate Collection Set: 0.5ms
[2024-07-27T10:58:12.600+0000][1.435s] GC(2)   Other: 0.8ms
[2024-07-27T10:58:12.600+0000][1.435s] GC(2) Eden regions: 58->0(102)
[2024-07-27T10:58:12.600+0000][1.435s] GC(2) Survivor regions: 8->9(11)
[2024-07-27T10:58:12.600+0000][1.435s] GC(2) Old regions: 7->11
[2024-07-27T10:58:12.600+0000][1.435s] GC(2) Archive regions: 2->2
[2024-07-27T10:58:12.600+0000][1.435s] GC(2) Humongous regions: 4->4
[2024-07-27T10:58:12.600+0000][1.435s] GC(2) Metaspace: 21257K(21504K)->21257K(21504K) NonClass: 18630K(18752K)->18630K(18752K) Class: 2627K(2752K)->2627K(2752K)
[2024-07-27T10:58:12.600+0000][1.435s] GC(2) Pause Young (Concurrent Start) (Metadata GC Threshold) 76M->23M(512M) 5.373ms
[2024-07-27T10:58:12.600+0000][1.435s] GC(2) User=0.02s Sys=0.01s Real=0.01s
[2024-07-27T10:58:12.600+0000][1.435s] GC(3) Concurrent Mark Cycle
[2024-07-27T10:58:12.600+0000][1.435s] GC(3) Concurrent Clear Claimed Marks
[2024-07-27T10:58:12.601+0000][1.435s] GC(3) Concurrent Clear Claimed Marks 0.068ms
[2024-07-27T10:58:12.601+0000][1.435s] GC(3) Concurrent Scan Root Regions
[2024-07-27T10:58:12.603+0000][1.437s] GC(3) Concurrent Scan Root Regions 2.037ms
[2024-07-27T10:58:12.603+0000][1.438s] GC(3) Concurrent Mark
[2024-07-27T10:58:12.603+0000][1.438s] GC(3) Concurrent Mark From Roots
[2024-07-27T10:58:12.603+0000][1.438s] GC(3) Using 2 workers of 2 for marking
[2024-07-27T10:58:12.609+0000][1.443s] GC(3) Concurrent Mark From Roots 5.676ms
[2024-07-27T10:58:12.609+0000][1.444s] GC(3) Concurrent Preclean
[2024-07-27T10:58:12.609+0000][1.444s] GC(3) Concurrent Preclean 0.293ms
[2024-07-27T10:58:12.610+0000][1.444s] GC(3) Pause Remark
[2024-07-27T10:58:12.612+0000][1.447s] GC(3) Pause Remark 24M->24M(512M) 2.318ms
[2024-07-27T10:58:12.612+0000][1.447s] GC(3) User=0.00s Sys=0.01s Real=0.00s
[2024-07-27T10:58:12.612+0000][1.447s] GC(3) Concurrent Mark 9.341ms
[2024-07-27T10:58:12.612+0000][1.447s] GC(3) Concurrent Rebuild Remembered Sets
[2024-07-27T10:58:12.616+0000][1.450s] GC(3) Concurrent Rebuild Remembered Sets 3.454ms
[2024-07-27T10:58:12.622+0000][1.457s] GC(3) Pause Cleanup
[2024-07-27T10:58:12.622+0000][1.457s] GC(3) Pause Cleanup 25M->25M(512M) 0.327ms
[2024-07-27T10:58:12.622+0000][1.457s] GC(3) User=0.00s Sys=0.00s Real=0.00s
[2024-07-27T10:58:12.623+0000][1.457s] GC(3) Concurrent Cleanup for Next Mark
[2024-07-27T10:58:12.623+0000][1.458s] GC(3) Concurrent Cleanup for Next Mark 0.791ms
[2024-07-27T10:58:12.623+0000][1.458s] GC(3) Concurrent Mark Cycle 22.936ms
[2024-07-27T10:58:13.323+0000][2.157s] GC(4) Pause Young (Concurrent Start) (Metadata GC Threshold)
[2024-07-27T10:58:13.323+0000][2.158s] GC(4) Using 8 workers of 8 for evacuation
[2024-07-27T10:58:13.329+0000][2.164s] GC(4)   Pre Evacuate Collection Set: 0.1ms
[2024-07-27T10:58:13.329+0000][2.164s] GC(4)   Merge Heap Roots: 0.1ms
[2024-07-27T10:58:13.329+0000][2.164s] GC(4)   Evacuate Collection Set: 5.2ms
[2024-07-27T10:58:13.329+0000][2.164s] GC(4)   Post Evacuate Collection Set: 0.5ms
[2024-07-27T10:58:13.329+0000][2.164s] GC(4)   Other: 0.3ms
[2024-07-27T10:58:13.329+0000][2.164s] GC(4) Eden regions: 94->0(296)
[2024-07-27T10:58:13.329+0000][2.164s] GC(4) Survivor regions: 9->11(15)
[2024-07-27T10:58:13.329+0000][2.164s] GC(4) Old regions: 11->15
[2024-07-27T10:58:13.329+0000][2.164s] GC(4) Archive regions: 2->2
[2024-07-27T10:58:13.330+0000][2.164s] GC(4) Humongous regions: 4->4
[2024-07-27T10:58:13.330+0000][2.164s] GC(4) Metaspace: 35745K(36160K)->35745K(36160K) NonClass: 31259K(31488K)->31259K(31488K) Class: 4486K(4672K)->4486K(4672K)
[2024-07-27T10:58:13.330+0000][2.164s] GC(4) Pause Young (Concurrent Start) (Metadata GC Threshold) 117M->29M(512M) 6.922ms
[2024-07-27T10:58:13.330+0000][2.164s] GC(4) User=0.04s Sys=0.00s Real=0.01s
[2024-07-27T10:58:13.330+0000][2.165s] GC(5) Concurrent Mark Cycle
[2024-07-27T10:58:13.330+0000][2.165s] GC(5) Concurrent Clear Claimed Marks
[2024-07-27T10:58:13.330+0000][2.165s] GC(5) Concurrent Clear Claimed Marks 0.060ms
[2024-07-27T10:58:13.331+0000][2.165s] GC(5) Concurrent Scan Root Regions
[2024-07-27T10:58:13.333+0000][2.168s] GC(5) Concurrent Scan Root Regions 2.582ms
[2024-07-27T10:58:13.333+0000][2.168s] GC(5) Concurrent Mark
[2024-07-27T10:58:13.334+0000][2.169s] GC(5) Concurrent Mark From Roots
[2024-07-27T10:58:13.337+0000][2.171s] GC(5) Using 2 workers of 2 for marking
[2024-07-27T10:58:13.341+0000][2.176s] GC(5) Concurrent Mark From Roots 7.017ms
[2024-07-27T10:58:13.342+0000][2.176s] GC(5) Concurrent Preclean
[2024-07-27T10:58:13.342+0000][2.176s] GC(5) Concurrent Preclean 0.112ms
[2024-07-27T10:58:13.343+0000][2.178s] GC(5) Pause Remark
[2024-07-27T10:58:13.344+0000][2.179s] GC(5) Pause Remark 32M->32M(512M) 1.210ms
[2024-07-27T10:58:13.344+0000][2.179s] GC(5) User=0.01s Sys=0.00s Real=0.00s
[2024-07-27T10:58:13.344+0000][2.179s] GC(5) Concurrent Mark 11.013ms
[2024-07-27T10:58:13.344+0000][2.179s] GC(5) Concurrent Rebuild Remembered Sets
[2024-07-27T10:58:13.348+0000][2.182s] GC(5) Concurrent Rebuild Remembered Sets 3.151ms
[2024-07-27T10:58:13.350+0000][2.185s] GC(5) Pause Cleanup
[2024-07-27T10:58:13.350+0000][2.185s] GC(5) Pause Cleanup 33M->33M(512M) 0.144ms
[2024-07-27T10:58:13.350+0000][2.185s] GC(5) User=0.00s Sys=0.00s Real=0.00s
[2024-07-27T10:58:13.350+0000][2.185s] GC(5) Concurrent Cleanup for Next Mark
[2024-07-27T10:58:13.351+0000][2.186s] GC(5) Concurrent Cleanup for Next Mark 1.093ms
[2024-07-27T10:58:13.351+0000][2.186s] GC(5) Concurrent Mark Cycle 21.579ms
[2024-07-27T11:01:22.354+0000][191.189s] Heap
[2024-07-27T11:01:22.354+0000][191.190s]  garbage-first heap   total 524288K, used 224149K [0x00000000e0000000, 0x0000000100000000)
[2024-07-27T11:01:22.355+0000][191.190s]   region size 1024K, 195 young (199680K), 11 survivors (11264K)
[2024-07-27T11:01:22.355+0000][191.190s]  Metaspace       used 54446K, committed 54976K, reserved 1114112K
[2024-07-27T11:01:22.355+0000][191.190s]   class space    used 7034K, committed 7296K, reserved 1048576K
