[2024-08-02T03:36:13.682+0000][0.006s] Using G1
[2024-08-02T03:36:13.882+0000][0.206s] Version: 17.0.12+7 (release)
[2024-08-02T03:36:13.889+0000][0.213s] CPUs: 8 total, 8 available
[2024-08-02T03:36:13.891+0000][0.215s] Memory: 3922M
[2024-08-02T03:36:13.906+0000][0.230s] Large Page Support: Disabled
[2024-08-02T03:36:13.918+0000][0.243s] NUMA Support: Disabled
[2024-08-02T03:36:13.921+0000][0.245s] Compressed Oops: Enabled (32-bit)
[2024-08-02T03:36:13.924+0000][0.248s] Heap Region Size: 1M
[2024-08-02T03:36:13.929+0000][0.254s] Heap Min Capacity: 512M
[2024-08-02T03:36:13.940+0000][0.264s] Heap Initial Capacity: 512M
[2024-08-02T03:36:13.945+0000][0.269s] Heap Max Capacity: 512M
[2024-08-02T03:36:13.946+0000][0.271s] Pre-touch: Enabled
[2024-08-02T03:36:13.972+0000][0.296s] Parallel Workers: 8
[2024-08-02T03:36:13.977+0000][0.301s] Concurrent Workers: 2
[2024-08-02T03:36:13.987+0000][0.312s] Concurrent Refinement Workers: 8
[2024-08-02T03:36:13.995+0000][0.319s] Periodic GC: Disabled
[2024-08-02T03:36:14.007+0000][0.332s] CDS archive(s) mapped at: [0x0000008800000000-0x0000008800a70000-0x0000008800a70000), size 10944512, SharedBaseAddress: 0x0000008800000000, ArchiveRelocationMode: 1.
[2024-08-02T03:36:14.009+0000][0.333s] Compressed class space mapped at: 0x0000008801000000-0x0000008841000000, reserved size: 1073741824
[2024-08-02T03:36:14.009+0000][0.333s] Narrow klass base: 0x0000008800000000, Narrow klass shift: 0, Narrow klass range: 0x100000000
[2024-08-02T03:36:14.976+0000][1.301s] GC(0) Pause Young (Normal) (G1 Evacuation Pause)
[2024-08-02T03:36:14.977+0000][1.301s] GC(0) Using 8 workers of 8 for evacuation
[2024-08-02T03:36:14.980+0000][1.304s] GC(0)   Pre Evacuate Collection Set: 0.4ms
[2024-08-02T03:36:14.980+0000][1.304s] GC(0)   Merge Heap Roots: 0.1ms
[2024-08-02T03:36:14.980+0000][1.304s] GC(0)   Evacuate Collection Set: 1.8ms
[2024-08-02T03:36:14.980+0000][1.304s] GC(0)   Post Evacuate Collection Set: 0.6ms
[2024-08-02T03:36:14.980+0000][1.304s] GC(0)   Other: 0.3ms
[2024-08-02T03:36:14.980+0000][1.305s] GC(0) Eden regions: 29->0(58)
[2024-08-02T03:36:14.980+0000][1.305s] GC(0) Survivor regions: 0->4(4)
[2024-08-02T03:36:14.980+0000][1.305s] GC(0) Old regions: 0->1
[2024-08-02T03:36:14.980+0000][1.305s] GC(0) Archive regions: 2->2
[2024-08-02T03:36:14.980+0000][1.305s] GC(0) Humongous regions: 0->0
[2024-08-02T03:36:14.980+0000][1.305s] GC(0) Metaspace: 9801K(10048K)->9801K(10048K) NonClass: 8587K(8704K)->8587K(8704K) Class: 1213K(1344K)->1213K(1344K)
[2024-08-02T03:36:14.981+0000][1.305s] GC(0) Pause Young (Normal) (G1 Evacuation Pause) 29M->5M(512M) 4.122ms
[2024-08-02T03:36:14.981+0000][1.305s] GC(0) User=0.02s Sys=0.00s Real=0.00s
[2024-08-02T03:36:15.507+0000][1.832s] GC(1) Pause Young (Normal) (G1 Evacuation Pause)
[2024-08-02T03:36:15.507+0000][1.832s] GC(1) Using 8 workers of 8 for evacuation
[2024-08-02T03:36:15.517+0000][1.842s] GC(1)   Pre Evacuate Collection Set: 0.1ms
[2024-08-02T03:36:15.517+0000][1.842s] GC(1)   Merge Heap Roots: 0.1ms
[2024-08-02T03:36:15.517+0000][1.842s] GC(1)   Evacuate Collection Set: 8.8ms
[2024-08-02T03:36:15.518+0000][1.842s] GC(1)   Post Evacuate Collection Set: 0.5ms
[2024-08-02T03:36:15.518+0000][1.842s] GC(1)   Other: 0.5ms
[2024-08-02T03:36:15.518+0000][1.842s] GC(1) Eden regions: 55->0(147)
[2024-08-02T03:36:15.518+0000][1.842s] GC(1) Survivor regions: 4->8(8)
[2024-08-02T03:36:15.518+0000][1.842s] GC(1) Old regions: 1->6
[2024-08-02T03:36:15.518+0000][1.842s] GC(1) Archive regions: 2->2
[2024-08-02T03:36:15.518+0000][1.843s] GC(1) Humongous regions: 4->4
[2024-08-02T03:36:15.518+0000][1.843s] GC(1) Metaspace: 17832K(18048K)->17832K(18048K) NonClass: 15619K(15744K)->15619K(15744K) Class: 2212K(2304K)->2212K(2304K)
[2024-08-02T03:36:15.518+0000][1.843s] GC(1) Pause Young (Normal) (G1 Evacuation Pause) 64M->18M(512M) 11.114ms
[2024-08-02T03:36:15.518+0000][1.843s] GC(1) User=0.07s Sys=0.00s Real=0.01s
[2024-08-02T03:36:15.882+0000][2.206s] GC(2) Pause Young (Concurrent Start) (Metadata GC Threshold)
[2024-08-02T03:36:15.882+0000][2.206s] GC(2) Using 8 workers of 8 for evacuation
[2024-08-02T03:36:15.886+0000][2.211s] GC(2)   Pre Evacuate Collection Set: 0.1ms
[2024-08-02T03:36:15.886+0000][2.211s] GC(2)   Merge Heap Roots: 0.1ms
[2024-08-02T03:36:15.886+0000][2.211s] GC(2)   Evacuate Collection Set: 3.6ms
[2024-08-02T03:36:15.886+0000][2.211s] GC(2)   Post Evacuate Collection Set: 0.4ms
[2024-08-02T03:36:15.887+0000][2.211s] GC(2)   Other: 0.4ms
[2024-08-02T03:36:15.887+0000][2.211s] GC(2) Eden regions: 58->0(117)
[2024-08-02T03:36:15.887+0000][2.211s] GC(2) Survivor regions: 8->13(20)
[2024-08-02T03:36:15.887+0000][2.211s] GC(2) Old regions: 6->6
[2024-08-02T03:36:15.887+0000][2.211s] GC(2) Archive regions: 2->2
[2024-08-02T03:36:15.887+0000][2.211s] GC(2) Humongous regions: 4->4
[2024-08-02T03:36:15.887+0000][2.211s] GC(2) Metaspace: 21242K(21504K)->21242K(21504K) NonClass: 18615K(18752K)->18615K(18752K) Class: 2627K(2752K)->2627K(2752K)
[2024-08-02T03:36:15.887+0000][2.211s] GC(2) Pause Young (Concurrent Start) (Metadata GC Threshold) 76M->23M(512M) 5.281ms
[2024-08-02T03:36:15.887+0000][2.211s] GC(2) User=0.03s Sys=0.00s Real=0.01s
[2024-08-02T03:36:15.887+0000][2.212s] GC(3) Concurrent Mark Cycle
[2024-08-02T03:36:15.891+0000][2.216s] GC(3) Concurrent Clear Claimed Marks
[2024-08-02T03:36:15.891+0000][2.216s] GC(3) Concurrent Clear Claimed Marks 0.163ms
[2024-08-02T03:36:15.891+0000][2.216s] GC(3) Concurrent Scan Root Regions
[2024-08-02T03:36:15.894+0000][2.218s] GC(3) Concurrent Scan Root Regions 2.145ms
[2024-08-02T03:36:15.894+0000][2.218s] GC(3) Concurrent Mark
[2024-08-02T03:36:15.894+0000][2.218s] GC(3) Concurrent Mark From Roots
[2024-08-02T03:36:15.894+0000][2.219s] GC(3) Using 2 workers of 2 for marking
[2024-08-02T03:36:15.898+0000][2.222s] GC(3) Concurrent Mark From Roots 3.890ms
[2024-08-02T03:36:15.898+0000][2.222s] GC(3) Concurrent Preclean
[2024-08-02T03:36:15.898+0000][2.223s] GC(3) Concurrent Preclean 0.198ms
[2024-08-02T03:36:15.898+0000][2.223s] GC(3) Pause Remark
[2024-08-02T03:36:15.900+0000][2.224s] GC(3) Pause Remark 25M->25M(512M) 1.406ms
[2024-08-02T03:36:15.900+0000][2.224s] GC(3) User=0.00s Sys=0.00s Real=0.00s
[2024-08-02T03:36:15.900+0000][2.224s] GC(3) Concurrent Mark 6.141ms
[2024-08-02T03:36:15.900+0000][2.224s] GC(3) Concurrent Rebuild Remembered Sets
[2024-08-02T03:36:15.902+0000][2.226s] GC(3) Concurrent Rebuild Remembered Sets 1.692ms
[2024-08-02T03:36:15.902+0000][2.227s] GC(3) Pause Cleanup
[2024-08-02T03:36:15.902+0000][2.227s] GC(3) Pause Cleanup 25M->25M(512M) 0.106ms
[2024-08-02T03:36:15.902+0000][2.227s] GC(3) User=0.00s Sys=0.00s Real=0.00s
[2024-08-02T03:36:15.902+0000][2.227s] GC(3) Concurrent Cleanup for Next Mark
[2024-08-02T03:36:15.904+0000][2.228s] GC(3) Concurrent Cleanup for Next Mark 1.437ms
[2024-08-02T03:36:15.904+0000][2.228s] GC(3) Concurrent Mark Cycle 16.860ms
[2024-08-02T03:36:16.666+0000][2.990s] GC(4) Pause Young (Concurrent Start) (Metadata GC Threshold)
[2024-08-02T03:36:16.666+0000][2.990s] GC(4) Using 8 workers of 8 for evacuation
[2024-08-02T03:36:16.679+0000][3.003s] GC(4)   Pre Evacuate Collection Set: 0.1ms
[2024-08-02T03:36:16.679+0000][3.003s] GC(4)   Merge Heap Roots: 0.1ms
[2024-08-02T03:36:16.679+0000][3.003s] GC(4)   Evacuate Collection Set: 11.9ms
[2024-08-02T03:36:16.679+0000][3.003s] GC(4)   Post Evacuate Collection Set: 0.6ms
[2024-08-02T03:36:16.679+0000][3.003s] GC(4)   Other: 0.3ms
[2024-08-02T03:36:16.679+0000][3.003s] GC(4) Eden regions: 94->0(296)
[2024-08-02T03:36:16.679+0000][3.003s] GC(4) Survivor regions: 13->11(17)
[2024-08-02T03:36:16.679+0000][3.004s] GC(4) Old regions: 6->14
[2024-08-02T03:36:16.679+0000][3.004s] GC(4) Archive regions: 2->2
[2024-08-02T03:36:16.679+0000][3.004s] GC(4) Humongous regions: 4->4
[2024-08-02T03:36:16.679+0000][3.004s] GC(4) Metaspace: 35873K(36288K)->35873K(36288K) NonClass: 31371K(31552K)->31371K(31552K) Class: 4501K(4736K)->4501K(4736K)
[2024-08-02T03:36:16.679+0000][3.004s] GC(4) Pause Young (Concurrent Start) (Metadata GC Threshold) 117M->29M(512M) 13.644ms
[2024-08-02T03:36:16.679+0000][3.004s] GC(4) User=0.09s Sys=0.00s Real=0.02s
[2024-08-02T03:36:16.679+0000][3.004s] GC(5) Concurrent Mark Cycle
[2024-08-02T03:36:16.680+0000][3.004s] GC(5) Concurrent Clear Claimed Marks
[2024-08-02T03:36:16.680+0000][3.004s] GC(5) Concurrent Clear Claimed Marks 0.083ms
[2024-08-02T03:36:16.680+0000][3.004s] GC(5) Concurrent Scan Root Regions
[2024-08-02T03:36:16.683+0000][3.007s] GC(5) Concurrent Scan Root Regions 3.087ms
[2024-08-02T03:36:16.683+0000][3.007s] GC(5) Concurrent Mark
[2024-08-02T03:36:16.683+0000][3.008s] GC(5) Concurrent Mark From Roots
[2024-08-02T03:36:16.683+0000][3.008s] GC(5) Using 2 workers of 2 for marking
[2024-08-02T03:36:16.686+0000][3.011s] GC(5) Concurrent Mark From Roots 3.000ms
[2024-08-02T03:36:16.686+0000][3.011s] GC(5) Concurrent Preclean
[2024-08-02T03:36:16.686+0000][3.011s] GC(5) Concurrent Preclean 0.129ms
[2024-08-02T03:36:16.687+0000][3.012s] GC(5) Pause Remark
[2024-08-02T03:36:16.689+0000][3.013s] GC(5) Pause Remark 31M->31M(512M) 1.297ms
[2024-08-02T03:36:16.689+0000][3.013s] GC(5) User=0.01s Sys=0.00s Real=0.00s
[2024-08-02T03:36:16.689+0000][3.013s] GC(5) Concurrent Mark 5.819ms
[2024-08-02T03:36:16.689+0000][3.013s] GC(5) Concurrent Rebuild Remembered Sets
[2024-08-02T03:36:16.689+0000][3.013s] GC(5) Concurrent Rebuild Remembered Sets 0.039ms
[2024-08-02T03:36:16.689+0000][3.014s] GC(5) Pause Cleanup
[2024-08-02T03:36:16.689+0000][3.014s] GC(5) Pause Cleanup 31M->31M(512M) 0.068ms
[2024-08-02T03:36:16.689+0000][3.014s] GC(5) User=0.00s Sys=0.00s Real=0.00s
[2024-08-02T03:36:16.689+0000][3.014s] GC(5) Concurrent Cleanup for Next Mark
[2024-08-02T03:36:16.691+0000][3.015s] GC(5) Concurrent Cleanup for Next Mark 1.259ms
[2024-08-02T03:36:16.691+0000][3.015s] GC(5) Concurrent Mark Cycle 11.317ms
[2024-08-03T06:23:02.127+0000][45013.254s] Heap
[2024-08-03T06:23:02.127+0000][45013.255s]  garbage-first heap   total 524288K, used 289511K [0x00000000e0000000, 0x0000000100000000)
[2024-08-03T06:23:02.128+0000][45013.255s]   region size 1024K, 259 young (265216K), 11 survivors (11264K)
[2024-08-03T06:23:02.128+0000][45013.255s]  Metaspace       used 56907K, committed 57408K, reserved 1114112K
[2024-08-03T06:23:02.128+0000][45013.255s]   class space    used 7182K, committed 7424K, reserved 1048576K
