[2024-07-30T13:28:10.714+0000][0.005s] Using G1
[2024-07-30T13:28:10.853+0000][0.144s] Version: 17.0.12+7 (release)
[2024-07-30T13:28:10.854+0000][0.144s] CPUs: 8 total, 8 available
[2024-07-30T13:28:10.854+0000][0.144s] Memory: 3922M
[2024-07-30T13:28:10.854+0000][0.144s] Large Page Support: Disabled
[2024-07-30T13:28:10.854+0000][0.144s] NUMA Support: Disabled
[2024-07-30T13:28:10.854+0000][0.145s] Compressed Oops: Enabled (32-bit)
[2024-07-30T13:28:10.854+0000][0.145s] Heap Region Size: 1M
[2024-07-30T13:28:10.854+0000][0.145s] Heap Min Capacity: 512M
[2024-07-30T13:28:10.854+0000][0.145s] Heap Initial Capacity: 512M
[2024-07-30T13:28:10.855+0000][0.145s] Heap Max Capacity: 512M
[2024-07-30T13:28:10.855+0000][0.145s] Pre-touch: Enabled
[2024-07-30T13:28:10.855+0000][0.145s] Parallel Workers: 8
[2024-07-30T13:28:10.855+0000][0.145s] Concurrent Workers: 2
[2024-07-30T13:28:10.855+0000][0.145s] Concurrent Refinement Workers: 8
[2024-07-30T13:28:10.855+0000][0.145s] Periodic GC: Disabled
[2024-07-30T13:28:10.858+0000][0.149s] CDS archive(s) mapped at: [0x0000005000000000-0x0000005000a70000-0x0000005000a70000), size 10944512, SharedBaseAddress: 0x0000005000000000, ArchiveRelocationMode: 1.
[2024-07-30T13:28:10.859+0000][0.149s] Compressed class space mapped at: 0x0000005001000000-0x0000005041000000, reserved size: 1073741824
[2024-07-30T13:28:10.859+0000][0.149s] Narrow klass base: 0x0000005000000000, Narrow klass shift: 0, Narrow klass range: 0x100000000
[2024-07-30T13:28:11.292+0000][0.582s] GC(0) Pause Young (Normal) (G1 Evacuation Pause)
[2024-07-30T13:28:11.292+0000][0.582s] GC(0) Using 8 workers of 8 for evacuation
[2024-07-30T13:28:11.294+0000][0.585s] GC(0)   Pre Evacuate Collection Set: 0.3ms
[2024-07-30T13:28:11.294+0000][0.585s] GC(0)   Merge Heap Roots: 0.1ms
[2024-07-30T13:28:11.294+0000][0.585s] GC(0)   Evacuate Collection Set: 1.5ms
[2024-07-30T13:28:11.295+0000][0.585s] GC(0)   Post Evacuate Collection Set: 0.4ms
[2024-07-30T13:28:11.295+0000][0.585s] GC(0)   Other: 0.4ms
[2024-07-30T13:28:11.295+0000][0.585s] GC(0) Eden regions: 29->0(59)
[2024-07-30T13:28:11.295+0000][0.585s] GC(0) Survivor regions: 0->4(4)
[2024-07-30T13:28:11.295+0000][0.585s] GC(0) Old regions: 0->1
[2024-07-30T13:28:11.295+0000][0.585s] GC(0) Archive regions: 2->2
[2024-07-30T13:28:11.295+0000][0.585s] GC(0) Humongous regions: 0->0
[2024-07-30T13:28:11.295+0000][0.585s] GC(0) Metaspace: 9778K(10048K)->9778K(10048K) NonClass: 8568K(8704K)->8568K(8704K) Class: 1210K(1344K)->1210K(1344K)
[2024-07-30T13:28:11.295+0000][0.585s] GC(0) Pause Young (Normal) (G1 Evacuation Pause) 29M->4M(512M) 3.446ms
[2024-07-30T13:28:11.295+0000][0.586s] GC(0) User=0.02s Sys=0.00s Real=0.00s
[2024-07-30T13:28:11.549+0000][0.840s] GC(1) Pause Young (Normal) (G1 Evacuation Pause)
[2024-07-30T13:28:11.549+0000][0.840s] GC(1) Using 8 workers of 8 for evacuation
[2024-07-30T13:28:11.556+0000][0.846s] GC(1)   Pre Evacuate Collection Set: 0.3ms
[2024-07-30T13:28:11.556+0000][0.847s] GC(1)   Merge Heap Roots: 0.0ms
[2024-07-30T13:28:11.556+0000][0.847s] GC(1)   Evacuate Collection Set: 5.8ms
[2024-07-30T13:28:11.556+0000][0.847s] GC(1)   Post Evacuate Collection Set: 0.4ms
[2024-07-30T13:28:11.556+0000][0.847s] GC(1)   Other: 0.4ms
[2024-07-30T13:28:11.556+0000][0.847s] GC(1) Eden regions: 59->0(75)
[2024-07-30T13:28:11.556+0000][0.847s] GC(1) Survivor regions: 4->8(8)
[2024-07-30T13:28:11.557+0000][0.847s] GC(1) Old regions: 1->7
[2024-07-30T13:28:11.557+0000][0.847s] GC(1) Archive regions: 2->2
[2024-07-30T13:28:11.557+0000][0.847s] GC(1) Humongous regions: 4->4
[2024-07-30T13:28:11.557+0000][0.847s] GC(1) Metaspace: 17816K(18048K)->17816K(18048K) NonClass: 15603K(15744K)->15603K(15744K) Class: 2213K(2304K)->2213K(2304K)
[2024-07-30T13:28:11.557+0000][0.847s] GC(1) Pause Young (Normal) (G1 Evacuation Pause) 67M->19M(512M) 7.677ms
[2024-07-30T13:28:11.557+0000][0.847s] GC(1) User=0.04s Sys=0.00s Real=0.01s
[2024-07-30T13:28:11.731+0000][1.022s] GC(2) Pause Young (Concurrent Start) (Metadata GC Threshold)
[2024-07-30T13:28:11.731+0000][1.022s] GC(2) Using 8 workers of 8 for evacuation
[2024-07-30T13:28:11.738+0000][1.028s] GC(2)   Pre Evacuate Collection Set: 0.1ms
[2024-07-30T13:28:11.738+0000][1.028s] GC(2)   Merge Heap Roots: 0.1ms
[2024-07-30T13:28:11.738+0000][1.028s] GC(2)   Evacuate Collection Set: 4.7ms
[2024-07-30T13:28:11.738+0000][1.029s] GC(2)   Post Evacuate Collection Set: 1.0ms
[2024-07-30T13:28:11.738+0000][1.029s] GC(2)   Other: 0.7ms
[2024-07-30T13:28:11.738+0000][1.029s] GC(2) Eden regions: 57->0(90)
[2024-07-30T13:28:11.738+0000][1.029s] GC(2) Survivor regions: 8->10(11)
[2024-07-30T13:28:11.739+0000][1.029s] GC(2) Old regions: 7->10
[2024-07-30T13:28:11.739+0000][1.029s] GC(2) Archive regions: 2->2
[2024-07-30T13:28:11.739+0000][1.029s] GC(2) Humongous regions: 4->4
[2024-07-30T13:28:11.739+0000][1.029s] GC(2) Metaspace: 21185K(21504K)->21185K(21504K) NonClass: 18561K(18688K)->18561K(18688K) Class: 2623K(2816K)->2623K(2816K)
[2024-07-30T13:28:11.739+0000][1.029s] GC(2) Pause Young (Concurrent Start) (Metadata GC Threshold) 75M->23M(512M) 7.845ms
[2024-07-30T13:28:11.739+0000][1.030s] GC(2) User=0.04s Sys=0.00s Real=0.00s
[2024-07-30T13:28:11.739+0000][1.030s] GC(3) Concurrent Mark Cycle
[2024-07-30T13:28:11.740+0000][1.031s] GC(3) Concurrent Clear Claimed Marks
[2024-07-30T13:28:11.741+0000][1.031s] GC(3) Concurrent Clear Claimed Marks 0.410ms
[2024-07-30T13:28:11.741+0000][1.031s] GC(3) Concurrent Scan Root Regions
[2024-07-30T13:28:11.745+0000][1.035s] GC(3) Concurrent Scan Root Regions 3.728ms
[2024-07-30T13:28:11.745+0000][1.035s] GC(3) Concurrent Mark
[2024-07-30T13:28:11.745+0000][1.035s] GC(3) Concurrent Mark From Roots
[2024-07-30T13:28:11.745+0000][1.035s] GC(3) Using 2 workers of 2 for marking
[2024-07-30T13:28:11.748+0000][1.039s] GC(3) Concurrent Mark From Roots 3.285ms
[2024-07-30T13:28:11.748+0000][1.039s] GC(3) Concurrent Preclean
[2024-07-30T13:28:11.749+0000][1.039s] GC(3) Concurrent Preclean 0.194ms
[2024-07-30T13:28:11.750+0000][1.040s] GC(3) Pause Remark
[2024-07-30T13:28:11.751+0000][1.041s] GC(3) Pause Remark 25M->25M(512M) 1.288ms
[2024-07-30T13:28:11.751+0000][1.042s] GC(3) User=0.00s Sys=0.00s Real=0.01s
[2024-07-30T13:28:11.751+0000][1.042s] GC(3) Concurrent Mark 6.469ms
[2024-07-30T13:28:11.752+0000][1.042s] GC(3) Concurrent Rebuild Remembered Sets
[2024-07-30T13:28:11.756+0000][1.046s] GC(3) Concurrent Rebuild Remembered Sets 4.034ms
[2024-07-30T13:28:11.757+0000][1.047s] GC(3) Pause Cleanup
[2024-07-30T13:28:11.757+0000][1.047s] GC(3) Pause Cleanup 26M->26M(512M) 0.300ms
[2024-07-30T13:28:11.757+0000][1.048s] GC(3) User=0.00s Sys=0.00s Real=0.00s
[2024-07-30T13:28:11.757+0000][1.048s] GC(3) Concurrent Cleanup for Next Mark
[2024-07-30T13:28:11.758+0000][1.049s] GC(3) Concurrent Cleanup for Next Mark 0.835ms
[2024-07-30T13:28:11.758+0000][1.049s] GC(3) Concurrent Mark Cycle 19.140ms
[2024-07-30T13:28:12.285+0000][1.575s] GC(4) Pause Young (Normal) (G1 Evacuation Pause)
[2024-07-30T13:28:12.285+0000][1.576s] GC(4) Using 8 workers of 8 for evacuation
[2024-07-30T13:28:12.290+0000][1.580s] GC(4)   Pre Evacuate Collection Set: 0.1ms
[2024-07-30T13:28:12.290+0000][1.580s] GC(4)   Merge Heap Roots: 0.1ms
[2024-07-30T13:28:12.290+0000][1.580s] GC(4)   Evacuate Collection Set: 3.5ms
[2024-07-30T13:28:12.290+0000][1.580s] GC(4)   Post Evacuate Collection Set: 0.6ms
[2024-07-30T13:28:12.290+0000][1.580s] GC(4)   Other: 0.4ms
[2024-07-30T13:28:12.290+0000][1.581s] GC(4) Eden regions: 96->0(297)
[2024-07-30T13:28:12.290+0000][1.581s] GC(4) Survivor regions: 10->10(14)
[2024-07-30T13:28:12.290+0000][1.581s] GC(4) Old regions: 10->15
[2024-07-30T13:28:12.290+0000][1.581s] GC(4) Archive regions: 2->2
[2024-07-30T13:28:12.290+0000][1.581s] GC(4) Humongous regions: 4->4
[2024-07-30T13:28:12.291+0000][1.581s] GC(4) Metaspace: 34097K(34432K)->34097K(34432K) NonClass: 29824K(30016K)->29824K(30016K) Class: 4273K(4416K)->4273K(4416K)
[2024-07-30T13:28:12.291+0000][1.581s] GC(4) Pause Young (Normal) (G1 Evacuation Pause) 119M->29M(512M) 5.632ms
[2024-07-30T13:28:12.291+0000][1.581s] GC(4) User=0.03s Sys=0.00s Real=0.01s
[2024-07-30T13:28:12.357+0000][1.647s] GC(5) Pause Young (Concurrent Start) (Metadata GC Threshold)
[2024-07-30T13:28:12.357+0000][1.648s] GC(5) Using 8 workers of 8 for evacuation
[2024-07-30T13:28:12.360+0000][1.650s] GC(5)   Pre Evacuate Collection Set: 0.1ms
[2024-07-30T13:28:12.360+0000][1.650s] GC(5)   Merge Heap Roots: 0.0ms
[2024-07-30T13:28:12.360+0000][1.650s] GC(5)   Evacuate Collection Set: 1.8ms
[2024-07-30T13:28:12.360+0000][1.650s] GC(5)   Post Evacuate Collection Set: 0.4ms
[2024-07-30T13:28:12.360+0000][1.650s] GC(5)   Other: 0.5ms
[2024-07-30T13:28:12.360+0000][1.651s] GC(5) Eden regions: 14->0(296)
[2024-07-30T13:28:12.360+0000][1.651s] GC(5) Survivor regions: 10->11(39)
[2024-07-30T13:28:12.360+0000][1.651s] GC(5) Old regions: 15->15
[2024-07-30T13:28:12.360+0000][1.651s] GC(5) Archive regions: 2->2
[2024-07-30T13:28:12.360+0000][1.651s] GC(5) Humongous regions: 4->4
[2024-07-30T13:28:12.361+0000][1.651s] GC(5) Metaspace: 35779K(36160K)->35779K(36160K) NonClass: 31287K(31424K)->31287K(31424K) Class: 4492K(4736K)->4492K(4736K)
[2024-07-30T13:28:12.361+0000][1.651s] GC(5) Pause Young (Concurrent Start) (Metadata GC Threshold) 42M->29M(512M) 3.724ms
[2024-07-30T13:28:12.361+0000][1.651s] GC(5) User=0.01s Sys=0.00s Real=0.01s
[2024-07-30T13:28:12.361+0000][1.651s] GC(6) Concurrent Mark Cycle
[2024-07-30T13:28:12.361+0000][1.651s] GC(6) Concurrent Clear Claimed Marks
[2024-07-30T13:28:12.361+0000][1.652s] GC(6) Concurrent Clear Claimed Marks 0.172ms
[2024-07-30T13:28:12.361+0000][1.652s] GC(6) Concurrent Scan Root Regions
[2024-07-30T13:28:12.363+0000][1.653s] GC(6) Concurrent Scan Root Regions 1.480ms
[2024-07-30T13:28:12.363+0000][1.653s] GC(6) Concurrent Mark
[2024-07-30T13:28:12.363+0000][1.653s] GC(6) Concurrent Mark From Roots
[2024-07-30T13:28:12.363+0000][1.653s] GC(6) Using 2 workers of 2 for marking
[2024-07-30T13:28:12.368+0000][1.659s] GC(6) Concurrent Mark From Roots 5.561ms
[2024-07-30T13:28:12.369+0000][1.659s] GC(6) Concurrent Preclean
[2024-07-30T13:28:12.369+0000][1.659s] GC(6) Concurrent Preclean 0.154ms
[2024-07-30T13:28:12.370+0000][1.660s] GC(6) Pause Remark
[2024-07-30T13:28:12.371+0000][1.662s] GC(6) Pause Remark 32M->32M(512M) 1.359ms
[2024-07-30T13:28:12.371+0000][1.662s] GC(6) User=0.01s Sys=0.00s Real=0.01s
[2024-07-30T13:28:12.371+0000][1.662s] GC(6) Concurrent Mark 8.582ms
[2024-07-30T13:28:12.372+0000][1.662s] GC(6) Concurrent Rebuild Remembered Sets
[2024-07-30T13:28:12.375+0000][1.665s] GC(6) Concurrent Rebuild Remembered Sets 3.369ms
[2024-07-30T13:28:12.375+0000][1.665s] GC(6) Pause Cleanup
[2024-07-30T13:28:12.375+0000][1.666s] GC(6) Pause Cleanup 33M->33M(512M) 0.178ms
[2024-07-30T13:28:12.375+0000][1.666s] GC(6) User=0.00s Sys=0.00s Real=0.00s
[2024-07-30T13:28:12.375+0000][1.666s] GC(6) Concurrent Cleanup for Next Mark
[2024-07-30T13:28:12.376+0000][1.666s] GC(6) Concurrent Cleanup for Next Mark 0.521ms
[2024-07-30T13:28:12.376+0000][1.666s] GC(6) Concurrent Mark Cycle 15.200ms
