[2024-07-27T04:23:36.825+0000][0.004s] Using G1
[2024-07-27T04:23:37.070+0000][0.249s] Version: 17.0.12+7 (release)
[2024-07-27T04:23:37.071+0000][0.250s] CPUs: 8 total, 8 available
[2024-07-27T04:23:37.071+0000][0.250s] Memory: 3922M
[2024-07-27T04:23:37.071+0000][0.250s] Large Page Support: Disabled
[2024-07-27T04:23:37.071+0000][0.250s] NUMA Support: Disabled
[2024-07-27T04:23:37.071+0000][0.250s] Compressed Oops: Enabled (32-bit)
[2024-07-27T04:23:37.072+0000][0.250s] Heap Region Size: 1M
[2024-07-27T04:23:37.072+0000][0.250s] Heap Min Capacity: 512M
[2024-07-27T04:23:37.072+0000][0.250s] Heap Initial Capacity: 512M
[2024-07-27T04:23:37.072+0000][0.251s] Heap Max Capacity: 512M
[2024-07-27T04:23:37.072+0000][0.251s] Pre-touch: Enabled
[2024-07-27T04:23:37.072+0000][0.251s] Parallel Workers: 8
[2024-07-27T04:23:37.073+0000][0.251s] Concurrent Workers: 2
[2024-07-27T04:23:37.073+0000][0.251s] Concurrent Refinement Workers: 8
[2024-07-27T04:23:37.073+0000][0.252s] Periodic GC: Disabled
[2024-07-27T04:23:37.083+0000][0.261s] CDS archive(s) mapped at: [0x000000e000000000-0x000000e000a70000-0x000000e000a70000), size 10944512, SharedBaseAddress: 0x000000e000000000, ArchiveRelocationMode: 1.
[2024-07-27T04:23:37.083+0000][0.262s] Compressed class space mapped at: 0x000000e001000000-0x000000e041000000, reserved size: 1073741824
[2024-07-27T04:23:37.083+0000][0.262s] Narrow klass base: 0x000000e000000000, Narrow klass shift: 0, Narrow klass range: 0x100000000
[2024-07-27T04:23:37.709+0000][0.888s] GC(0) Pause Young (Normal) (G1 Evacuation Pause)
[2024-07-27T04:23:37.709+0000][0.888s] GC(0) Using 8 workers of 8 for evacuation
[2024-07-27T04:23:37.712+0000][0.891s] GC(0)   Pre Evacuate Collection Set: 0.1ms
[2024-07-27T04:23:37.713+0000][0.891s] GC(0)   Merge Heap Roots: 0.1ms
[2024-07-27T04:23:37.713+0000][0.891s] GC(0)   Evacuate Collection Set: 2.6ms
[2024-07-27T04:23:37.713+0000][0.892s] GC(0)   Post Evacuate Collection Set: 0.4ms
[2024-07-27T04:23:37.713+0000][0.892s] GC(0)   Other: 0.3ms
[2024-07-27T04:23:37.713+0000][0.892s] GC(0) Eden regions: 29->0(59)
[2024-07-27T04:23:37.713+0000][0.892s] GC(0) Survivor regions: 0->4(4)
[2024-07-27T04:23:37.713+0000][0.892s] GC(0) Old regions: 0->1
[2024-07-27T04:23:37.713+0000][0.892s] GC(0) Archive regions: 2->2
[2024-07-27T04:23:37.713+0000][0.892s] GC(0) Humongous regions: 0->0
[2024-07-27T04:23:37.713+0000][0.892s] GC(0) Metaspace: 9751K(10048K)->9751K(10048K) NonClass: 8546K(8704K)->8546K(8704K) Class: 1205K(1344K)->1205K(1344K)
[2024-07-27T04:23:37.713+0000][0.892s] GC(0) Pause Young (Normal) (G1 Evacuation Pause) 29M->4M(512M) 4.505ms
[2024-07-27T04:23:37.713+0000][0.892s] GC(0) User=0.02s Sys=0.00s Real=0.00s
[2024-07-27T04:23:38.054+0000][1.233s] GC(1) Pause Young (Normal) (G1 Evacuation Pause)
[2024-07-27T04:23:38.057+0000][1.236s] GC(1) Using 8 workers of 8 for evacuation
[2024-07-27T04:23:38.065+0000][1.244s] GC(1)   Pre Evacuate Collection Set: 0.2ms
[2024-07-27T04:23:38.065+0000][1.244s] GC(1)   Merge Heap Roots: 0.1ms
[2024-07-27T04:23:38.065+0000][1.244s] GC(1)   Evacuate Collection Set: 6.9ms
[2024-07-27T04:23:38.065+0000][1.244s] GC(1)   Post Evacuate Collection Set: 0.6ms
[2024-07-27T04:23:38.066+0000][1.244s] GC(1)   Other: 3.0ms
[2024-07-27T04:23:38.066+0000][1.244s] GC(1) Eden regions: 59->0(76)
[2024-07-27T04:23:38.066+0000][1.244s] GC(1) Survivor regions: 4->8(8)
[2024-07-27T04:23:38.066+0000][1.245s] GC(1) Old regions: 1->7
[2024-07-27T04:23:38.066+0000][1.245s] GC(1) Archive regions: 2->2
[2024-07-27T04:23:38.066+0000][1.245s] GC(1) Humongous regions: 4->4
[2024-07-27T04:23:38.066+0000][1.245s] GC(1) Metaspace: 17760K(18048K)->17760K(18048K) NonClass: 15555K(15744K)->15555K(15744K) Class: 2204K(2304K)->2204K(2304K)
[2024-07-27T04:23:38.066+0000][1.245s] GC(1) Pause Young (Normal) (G1 Evacuation Pause) 67M->18M(512M) 11.705ms
[2024-07-27T04:23:38.066+0000][1.245s] GC(1) User=0.06s Sys=0.00s Real=0.01s
[2024-07-27T04:23:38.359+0000][1.538s] GC(2) Pause Young (Concurrent Start) (Metadata GC Threshold)
[2024-07-27T04:23:38.360+0000][1.539s] GC(2) Using 8 workers of 8 for evacuation
[2024-07-27T04:23:38.367+0000][1.546s] GC(2)   Pre Evacuate Collection Set: 0.1ms
[2024-07-27T04:23:38.368+0000][1.546s] GC(2)   Merge Heap Roots: 0.1ms
[2024-07-27T04:23:38.368+0000][1.547s] GC(2)   Evacuate Collection Set: 6.4ms
[2024-07-27T04:23:38.368+0000][1.547s] GC(2)   Post Evacuate Collection Set: 0.7ms
[2024-07-27T04:23:38.368+0000][1.547s] GC(2)   Other: 1.1ms
[2024-07-27T04:23:38.368+0000][1.547s] GC(2) Eden regions: 57->0(98)
[2024-07-27T04:23:38.368+0000][1.547s] GC(2) Survivor regions: 8->10(11)
[2024-07-27T04:23:38.368+0000][1.547s] GC(2) Old regions: 7->10
[2024-07-27T04:23:38.368+0000][1.547s] GC(2) Archive regions: 2->2
[2024-07-27T04:23:38.369+0000][1.547s] GC(2) Humongous regions: 4->4
[2024-07-27T04:23:38.369+0000][1.547s] GC(2) Metaspace: 21240K(21504K)->21240K(21504K) NonClass: 18617K(18752K)->18617K(18752K) Class: 2623K(2752K)->2623K(2752K)
[2024-07-27T04:23:38.369+0000][1.548s] GC(2) Pause Young (Concurrent Start) (Metadata GC Threshold) 75M->24M(512M) 9.747ms
[2024-07-27T04:23:38.369+0000][1.548s] GC(2) User=0.05s Sys=0.01s Real=0.01s
[2024-07-27T04:23:38.369+0000][1.548s] GC(3) Concurrent Mark Cycle
[2024-07-27T04:23:38.369+0000][1.548s] GC(3) Concurrent Clear Claimed Marks
[2024-07-27T04:23:38.370+0000][1.548s] GC(3) Concurrent Clear Claimed Marks 0.204ms
[2024-07-27T04:23:38.370+0000][1.549s] GC(3) Concurrent Scan Root Regions
[2024-07-27T04:23:38.373+0000][1.551s] GC(3) Concurrent Scan Root Regions 2.571ms
[2024-07-27T04:23:38.374+0000][1.552s] GC(3) Concurrent Mark
[2024-07-27T04:23:38.374+0000][1.552s] GC(3) Concurrent Mark From Roots
[2024-07-27T04:23:38.374+0000][1.553s] GC(3) Using 2 workers of 2 for marking
[2024-07-27T04:23:38.378+0000][1.557s] GC(3) Concurrent Mark From Roots 4.608ms
[2024-07-27T04:23:38.379+0000][1.557s] GC(3) Concurrent Preclean
[2024-07-27T04:23:38.379+0000][1.558s] GC(3) Concurrent Preclean 0.246ms
[2024-07-27T04:23:38.379+0000][1.558s] GC(3) Pause Remark
[2024-07-27T04:23:38.382+0000][1.561s] GC(3) Pause Remark 25M->25M(512M) 2.872ms
[2024-07-27T04:23:38.382+0000][1.561s] GC(3) User=0.02s Sys=0.00s Real=0.00s
[2024-07-27T04:23:38.382+0000][1.561s] GC(3) Concurrent Mark 8.801ms
[2024-07-27T04:23:38.383+0000][1.562s] GC(3) Concurrent Rebuild Remembered Sets
[2024-07-27T04:23:38.388+0000][1.566s] GC(3) Concurrent Rebuild Remembered Sets 4.800ms
[2024-07-27T04:23:38.389+0000][1.567s] GC(3) Pause Cleanup
[2024-07-27T04:23:38.389+0000][1.568s] GC(3) Pause Cleanup 26M->26M(512M) 0.224ms
[2024-07-27T04:23:38.389+0000][1.568s] GC(3) User=0.00s Sys=0.00s Real=0.00s
[2024-07-27T04:23:38.389+0000][1.568s] GC(3) Concurrent Cleanup for Next Mark
[2024-07-27T04:23:38.394+0000][1.573s] GC(3) Concurrent Cleanup for Next Mark 5.019ms
[2024-07-27T04:23:38.395+0000][1.573s] GC(3) Concurrent Mark Cycle 25.465ms
[2024-07-27T04:23:39.119+0000][2.297s] GC(4) Pause Young (Normal) (G1 Evacuation Pause)
[2024-07-27T04:23:39.119+0000][2.297s] GC(4) Using 8 workers of 8 for evacuation
[2024-07-27T04:23:39.124+0000][2.302s] GC(4)   Pre Evacuate Collection Set: 0.1ms
[2024-07-27T04:23:39.124+0000][2.303s] GC(4)   Merge Heap Roots: 0.1ms
[2024-07-27T04:23:39.124+0000][2.303s] GC(4)   Evacuate Collection Set: 3.9ms
[2024-07-27T04:23:39.124+0000][2.303s] GC(4)   Post Evacuate Collection Set: 0.6ms
[2024-07-27T04:23:39.124+0000][2.303s] GC(4)   Other: 0.4ms
[2024-07-27T04:23:39.124+0000][2.303s] GC(4) Eden regions: 105->0(297)
[2024-07-27T04:23:39.124+0000][2.303s] GC(4) Survivor regions: 10->10(15)
[2024-07-27T04:23:39.124+0000][2.303s] GC(4) Old regions: 10->15
[2024-07-27T04:23:39.124+0000][2.303s] GC(4) Archive regions: 2->2
[2024-07-27T04:23:39.124+0000][2.303s] GC(4) Humongous regions: 4->4
[2024-07-27T04:23:39.125+0000][2.303s] GC(4) Metaspace: 33513K(33856K)->33513K(33856K) NonClass: 29333K(29504K)->29333K(29504K) Class: 4180K(4352K)->4180K(4352K)
[2024-07-27T04:23:39.125+0000][2.303s] GC(4) Pause Young (Normal) (G1 Evacuation Pause) 129M->29M(512M) 6.094ms
[2024-07-27T04:23:39.125+0000][2.303s] GC(4) User=0.03s Sys=0.01s Real=0.01s
[2024-07-27T04:23:39.223+0000][2.402s] GC(5) Pause Young (Concurrent Start) (Metadata GC Threshold)
[2024-07-27T04:23:39.223+0000][2.402s] GC(5) Using 8 workers of 8 for evacuation
[2024-07-27T04:23:39.227+0000][2.405s] GC(5)   Pre Evacuate Collection Set: 0.1ms
[2024-07-27T04:23:39.227+0000][2.406s] GC(5)   Merge Heap Roots: 0.1ms
[2024-07-27T04:23:39.227+0000][2.406s] GC(5)   Evacuate Collection Set: 3.0ms
[2024-07-27T04:23:39.227+0000][2.406s] GC(5)   Post Evacuate Collection Set: 0.3ms
[2024-07-27T04:23:39.227+0000][2.406s] GC(5)   Other: 0.4ms
[2024-07-27T04:23:39.227+0000][2.406s] GC(5) Eden regions: 18->0(296)
[2024-07-27T04:23:39.227+0000][2.406s] GC(5) Survivor regions: 10->11(39)
[2024-07-27T04:23:39.227+0000][2.406s] GC(5) Old regions: 15->15
[2024-07-27T04:23:39.227+0000][2.406s] GC(5) Archive regions: 2->2
[2024-07-27T04:23:39.227+0000][2.406s] GC(5) Humongous regions: 4->4
[2024-07-27T04:23:39.228+0000][2.406s] GC(5) Metaspace: 35771K(36096K)->35771K(36096K) NonClass: 31279K(31424K)->31279K(31424K) Class: 4491K(4672K)->4491K(4672K)
[2024-07-27T04:23:39.228+0000][2.406s] GC(5) Pause Young (Concurrent Start) (Metadata GC Threshold) 46M->30M(512M) 4.801ms
[2024-07-27T04:23:39.228+0000][2.406s] GC(5) User=0.03s Sys=0.00s Real=0.00s
[2024-07-27T04:23:39.228+0000][2.407s] GC(6) Concurrent Mark Cycle
[2024-07-27T04:23:39.229+0000][2.408s] GC(6) Concurrent Clear Claimed Marks
[2024-07-27T04:23:39.230+0000][2.409s] GC(6) Concurrent Clear Claimed Marks 1.083ms
[2024-07-27T04:23:39.230+0000][2.409s] GC(6) Concurrent Scan Root Regions
[2024-07-27T04:23:39.234+0000][2.412s] GC(6) Concurrent Scan Root Regions 3.299ms
[2024-07-27T04:23:39.234+0000][2.413s] GC(6) Concurrent Mark
[2024-07-27T04:23:39.234+0000][2.413s] GC(6) Concurrent Mark From Roots
[2024-07-27T04:23:39.234+0000][2.413s] GC(6) Using 2 workers of 2 for marking
[2024-07-27T04:23:39.245+0000][2.423s] GC(6) Concurrent Mark From Roots 10.485ms
[2024-07-27T04:23:39.246+0000][2.424s] GC(6) Concurrent Preclean
[2024-07-27T04:23:39.246+0000][2.425s] GC(6) Concurrent Preclean 0.250ms
[2024-07-27T04:23:39.247+0000][2.426s] GC(6) Pause Remark
[2024-07-27T04:23:39.248+0000][2.427s] GC(6) Pause Remark 33M->33M(512M) 1.330ms
[2024-07-27T04:23:39.248+0000][2.427s] GC(6) User=0.01s Sys=0.00s Real=0.00s
[2024-07-27T04:23:39.248+0000][2.427s] GC(6) Concurrent Mark 14.510ms
[2024-07-27T04:23:39.249+0000][2.427s] GC(6) Concurrent Rebuild Remembered Sets
[2024-07-27T04:23:39.253+0000][2.432s] GC(6) Concurrent Rebuild Remembered Sets 4.415ms
[2024-07-27T04:23:39.254+0000][2.432s] GC(6) Pause Cleanup
[2024-07-27T04:23:39.254+0000][2.433s] GC(6) Pause Cleanup 33M->33M(512M) 0.173ms
[2024-07-27T04:23:39.254+0000][2.433s] GC(6) User=0.00s Sys=0.00s Real=0.00s
[2024-07-27T04:23:39.254+0000][2.433s] GC(6) Concurrent Cleanup for Next Mark
[2024-07-27T04:23:39.256+0000][2.434s] GC(6) Concurrent Cleanup for Next Mark 1.468ms
[2024-07-27T04:23:39.256+0000][2.435s] GC(6) Concurrent Mark Cycle 28.019ms
[2024-07-27T04:34:45.124+0000][668.302s] GC(7) Pause Young (Prepare Mixed) (G1 Evacuation Pause)
[2024-07-27T04:34:45.125+0000][668.303s] GC(7) Using 8 workers of 8 for evacuation
[2024-07-27T04:34:45.184+0000][668.362s] GC(7)   Pre Evacuate Collection Set: 0.3ms
[2024-07-27T04:34:45.184+0000][668.362s] GC(7)   Merge Heap Roots: 0.1ms
[2024-07-27T04:34:45.185+0000][668.362s] GC(7)   Evacuate Collection Set: 56.9ms
[2024-07-27T04:34:45.185+0000][668.363s] GC(7)   Post Evacuate Collection Set: 1.3ms
[2024-07-27T04:34:45.185+0000][668.363s] GC(7)   Other: 1.5ms
[2024-07-27T04:34:45.185+0000][668.363s] GC(7) Eden regions: 296->0(1)
[2024-07-27T04:34:45.185+0000][668.363s] GC(7) Survivor regions: 11->30(39)
[2024-07-27T04:34:45.185+0000][668.363s] GC(7) Old regions: 15->15
[2024-07-27T04:34:45.185+0000][668.363s] GC(7) Archive regions: 2->2
[2024-07-27T04:34:45.185+0000][668.363s] GC(7) Humongous regions: 5->5
[2024-07-27T04:34:45.185+0000][668.363s] GC(7) Metaspace: 54152K(54656K)->54152K(54656K) NonClass: 47237K(47488K)->47237K(47488K) Class: 6915K(7168K)->6915K(7168K)
[2024-07-27T04:34:45.185+0000][668.363s] GC(7) Pause Young (Prepare Mixed) (G1 Evacuation Pause) 327M->50M(512M) 61.264ms
[2024-07-27T04:34:45.186+0000][668.363s] GC(7) User=0.42s Sys=0.00s Real=0.06s
[2024-07-27T04:34:45.189+0000][668.367s] GC(8) Pause Young (Mixed) (G1 Evacuation Pause)
[2024-07-27T04:34:45.189+0000][668.367s] GC(8) Using 8 workers of 8 for evacuation
[2024-07-27T04:34:45.219+0000][668.397s] GC(8)   Pre Evacuate Collection Set: 0.1ms
[2024-07-27T04:34:45.219+0000][668.397s] GC(8)   Merge Heap Roots: 0.1ms
[2024-07-27T04:34:45.219+0000][668.397s] GC(8)   Evacuate Collection Set: 28.4ms
[2024-07-27T04:34:45.219+0000][668.397s] GC(8)   Post Evacuate Collection Set: 0.6ms
[2024-07-27T04:34:45.219+0000][668.397s] GC(8)   Other: 0.3ms
[2024-07-27T04:34:45.219+0000][668.397s] GC(8) Eden regions: 1->0(305)
[2024-07-27T04:34:45.219+0000][668.397s] GC(8) Survivor regions: 30->2(4)
[2024-07-27T04:34:45.219+0000][668.397s] GC(8) Old regions: 15->45
[2024-07-27T04:34:45.219+0000][668.397s] GC(8) Archive regions: 2->2
[2024-07-27T04:34:45.220+0000][668.397s] GC(8) Humongous regions: 5->5
[2024-07-27T04:34:45.220+0000][668.398s] GC(8) Metaspace: 54155K(54656K)->54155K(54656K) NonClass: 47240K(47488K)->47240K(47488K) Class: 6915K(7168K)->6915K(7168K)
[2024-07-27T04:34:45.220+0000][668.398s] GC(8) Pause Young (Mixed) (G1 Evacuation Pause) 51M->51M(512M) 30.457ms
[2024-07-27T04:34:45.220+0000][668.398s] GC(8) User=0.22s Sys=0.00s Real=0.04s
[2024-07-27T07:59:32.034+0000][12798.359s] GC(9) Pause Young (Concurrent Start) (G1 Evacuation Pause)
[2024-07-27T07:59:32.034+0000][12798.360s] GC(9) Using 8 workers of 8 for evacuation
[2024-07-27T07:59:32.078+0000][12798.404s] GC(9)   Pre Evacuate Collection Set: 1.3ms
[2024-07-27T07:59:32.079+0000][12798.404s] GC(9)   Merge Heap Roots: 0.3ms
[2024-07-27T07:59:32.079+0000][12798.404s] GC(9)   Evacuate Collection Set: 40.3ms
[2024-07-27T07:59:32.079+0000][12798.405s] GC(9)   Post Evacuate Collection Set: 1.0ms
[2024-07-27T07:59:32.079+0000][12798.405s] GC(9)   Other: 1.9ms
[2024-07-27T07:59:32.079+0000][12798.405s] GC(9) Eden regions: 305->0(300)
[2024-07-27T07:59:32.079+0000][12798.405s] GC(9) Survivor regions: 2->7(39)
[2024-07-27T07:59:32.079+0000][12798.405s] GC(9) Old regions: 45->45
[2024-07-27T07:59:32.079+0000][12798.405s] GC(9) Archive regions: 2->2
[2024-07-27T07:59:32.079+0000][12798.405s] GC(9) Humongous regions: 5->5
[2024-07-27T07:59:32.079+0000][12798.405s] GC(9) Metaspace: 58690K(59264K)->58690K(59264K) NonClass: 51328K(51584K)->51328K(51584K) Class: 7362K(7680K)->7362K(7680K)
[2024-07-27T07:59:32.079+0000][12798.405s] GC(9) Pause Young (Concurrent Start) (G1 Evacuation Pause) 356M->57M(512M) 45.553ms
[2024-07-27T07:59:32.079+0000][12798.405s] GC(9) User=0.32s Sys=0.00s Real=0.04s
[2024-07-27T07:59:32.079+0000][12798.405s] GC(10) Concurrent Mark Cycle
[2024-07-27T07:59:32.080+0000][12798.405s] GC(10) Concurrent Clear Claimed Marks
[2024-07-27T07:59:32.080+0000][12798.405s] GC(10) Concurrent Clear Claimed Marks 0.102ms
[2024-07-27T07:59:32.080+0000][12798.405s] GC(10) Concurrent Scan Root Regions
[2024-07-27T07:59:32.084+0000][12798.410s] GC(10) Concurrent Scan Root Regions 4.470ms
[2024-07-27T07:59:32.084+0000][12798.410s] GC(10) Concurrent Mark
[2024-07-27T07:59:32.084+0000][12798.410s] GC(10) Concurrent Mark From Roots
[2024-07-27T07:59:32.084+0000][12798.410s] GC(10) Using 2 workers of 2 for marking
[2024-07-27T07:59:32.115+0000][12798.440s] GC(10) Concurrent Mark From Roots 30.386ms
[2024-07-27T07:59:32.115+0000][12798.441s] GC(10) Concurrent Preclean
[2024-07-27T07:59:32.115+0000][12798.441s] GC(10) Concurrent Preclean 0.364ms
[2024-07-27T07:59:32.116+0000][12798.441s] GC(10) Pause Remark
[2024-07-27T07:59:32.157+0000][12798.483s] GC(10) Pause Remark 71M->71M(512M) 41.572ms
[2024-07-27T07:59:32.157+0000][12798.483s] GC(10) User=0.27s Sys=0.00s Real=0.04s
[2024-07-27T07:59:32.158+0000][12798.483s] GC(10) Concurrent Mark 73.302ms
[2024-07-27T07:59:32.158+0000][12798.484s] GC(10) Concurrent Rebuild Remembered Sets
[2024-07-27T07:59:32.170+0000][12798.495s] GC(10) Concurrent Rebuild Remembered Sets 11.678ms
[2024-07-27T07:59:32.171+0000][12798.497s] GC(10) Pause Cleanup
[2024-07-27T07:59:32.171+0000][12798.497s] GC(10) Pause Cleanup 74M->74M(512M) 0.272ms
[2024-07-27T07:59:32.171+0000][12798.497s] GC(10) User=0.00s Sys=0.00s Real=0.00s
[2024-07-27T07:59:32.171+0000][12798.497s] GC(10) Concurrent Cleanup for Next Mark
[2024-07-27T07:59:32.173+0000][12798.499s] GC(10) Concurrent Cleanup for Next Mark 2.111ms
[2024-07-27T07:59:32.174+0000][12798.499s] GC(10) Concurrent Mark Cycle 94.080ms
[2024-07-27T10:58:09.922+0000][22656.213s] Heap
[2024-07-27T10:58:09.923+0000][22656.214s]  garbage-first heap   total 524288K, used 333003K [0x00000000e0000000, 0x0000000100000000)
[2024-07-27T10:58:09.924+0000][22656.214s]   region size 1024K, 275 young (281600K), 7 survivors (7168K)
[2024-07-27T10:58:09.924+0000][22656.214s]  Metaspace       used 59048K, committed 59648K, reserved 1114112K
[2024-07-27T10:58:09.924+0000][22656.214s]   class space    used 7335K, committed 7680K, reserved 1048576K
