[2024-08-03T06:25:13.110+0000][0.005s] Using G1
[2024-08-03T06:25:13.352+0000][0.247s] Version: 17.0.12+7 (release)
[2024-08-03T06:25:13.353+0000][0.248s] CPUs: 8 total, 8 available
[2024-08-03T06:25:13.353+0000][0.248s] Memory: 3922M
[2024-08-03T06:25:13.353+0000][0.248s] Large Page Support: Disabled
[2024-08-03T06:25:13.353+0000][0.248s] NUMA Support: Disabled
[2024-08-03T06:25:13.353+0000][0.248s] Compressed Oops: Enabled (32-bit)
[2024-08-03T06:25:13.353+0000][0.248s] Heap Region Size: 1M
[2024-08-03T06:25:13.353+0000][0.248s] Heap Min Capacity: 512M
[2024-08-03T06:25:13.354+0000][0.248s] Heap Initial Capacity: 512M
[2024-08-03T06:25:13.354+0000][0.249s] Heap Max Capacity: 512M
[2024-08-03T06:25:13.354+0000][0.249s] Pre-touch: Enabled
[2024-08-03T06:25:13.354+0000][0.249s] Parallel Workers: 8
[2024-08-03T06:25:13.354+0000][0.249s] Concurrent Workers: 2
[2024-08-03T06:25:13.354+0000][0.249s] Concurrent Refinement Workers: 8
[2024-08-03T06:25:13.354+0000][0.249s] Periodic GC: Disabled
[2024-08-03T06:25:13.357+0000][0.252s] CDS archive(s) mapped at: [0x0000006000000000-0x0000006000a70000-0x0000006000a70000), size 10944512, SharedBaseAddress: 0x0000006000000000, ArchiveRelocationMode: 1.
[2024-08-03T06:25:13.357+0000][0.252s] Compressed class space mapped at: 0x0000006001000000-0x0000006041000000, reserved size: 1073741824
[2024-08-03T06:25:13.358+0000][0.252s] Narrow klass base: 0x0000006000000000, Narrow klass shift: 0, Narrow klass range: 0x100000000
[2024-08-03T06:25:13.776+0000][0.671s] GC(0) Pause Young (Normal) (G1 Evacuation Pause)
[2024-08-03T06:25:13.776+0000][0.671s] GC(0) Using 8 workers of 8 for evacuation
[2024-08-03T06:25:13.778+0000][0.673s] GC(0)   Pre Evacuate Collection Set: 0.1ms
[2024-08-03T06:25:13.778+0000][0.673s] GC(0)   Merge Heap Roots: 0.1ms
[2024-08-03T06:25:13.778+0000][0.673s] GC(0)   Evacuate Collection Set: 1.4ms
[2024-08-03T06:25:13.778+0000][0.673s] GC(0)   Post Evacuate Collection Set: 0.4ms
[2024-08-03T06:25:13.779+0000][0.674s] GC(0)   Other: 0.4ms
[2024-08-03T06:25:13.779+0000][0.674s] GC(0) Eden regions: 29->0(60)
[2024-08-03T06:25:13.779+0000][0.674s] GC(0) Survivor regions: 0->4(4)
[2024-08-03T06:25:13.779+0000][0.674s] GC(0) Old regions: 0->0
[2024-08-03T06:25:13.779+0000][0.674s] GC(0) Archive regions: 2->2
[2024-08-03T06:25:13.779+0000][0.674s] GC(0) Humongous regions: 0->0
[2024-08-03T06:25:13.779+0000][0.674s] GC(0) Metaspace: 9671K(9920K)->9671K(9920K) NonClass: 8480K(8576K)->8480K(8576K) Class: 1191K(1344K)->1191K(1344K)
[2024-08-03T06:25:13.779+0000][0.674s] GC(0) Pause Young (Normal) (G1 Evacuation Pause) 29M->4M(512M) 3.154ms
[2024-08-03T06:25:13.779+0000][0.674s] GC(0) User=0.01s Sys=0.00s Real=0.00s
[2024-08-03T06:25:14.104+0000][0.998s] GC(1) Pause Young (Normal) (G1 Evacuation Pause)
[2024-08-03T06:25:14.104+0000][0.999s] GC(1) Using 8 workers of 8 for evacuation
[2024-08-03T06:25:14.111+0000][1.006s] GC(1)   Pre Evacuate Collection Set: 0.2ms
[2024-08-03T06:25:14.111+0000][1.006s] GC(1)   Merge Heap Roots: 0.1ms
[2024-08-03T06:25:14.111+0000][1.006s] GC(1)   Evacuate Collection Set: 5.6ms
[2024-08-03T06:25:14.111+0000][1.006s] GC(1)   Post Evacuate Collection Set: 0.5ms
[2024-08-03T06:25:14.111+0000][1.006s] GC(1)   Other: 0.7ms
[2024-08-03T06:25:14.111+0000][1.006s] GC(1) Eden regions: 60->0(77)
[2024-08-03T06:25:14.111+0000][1.006s] GC(1) Survivor regions: 4->8(8)
[2024-08-03T06:25:14.111+0000][1.006s] GC(1) Old regions: 0->7
[2024-08-03T06:25:14.111+0000][1.006s] GC(1) Archive regions: 2->2
[2024-08-03T06:25:14.111+0000][1.006s] GC(1) Humongous regions: 4->4
[2024-08-03T06:25:14.111+0000][1.006s] GC(1) Metaspace: 17801K(18048K)->17801K(18048K) NonClass: 15588K(15744K)->15588K(15744K) Class: 2212K(2304K)->2212K(2304K)
[2024-08-03T06:25:14.112+0000][1.006s] GC(1) Pause Young (Normal) (G1 Evacuation Pause) 68M->19M(512M) 8.040ms
[2024-08-03T06:25:14.112+0000][1.007s] GC(1) User=0.04s Sys=0.00s Real=0.00s
[2024-08-03T06:25:14.354+0000][1.249s] GC(2) Pause Young (Concurrent Start) (Metadata GC Threshold)
[2024-08-03T06:25:14.354+0000][1.249s] GC(2) Using 8 workers of 8 for evacuation
[2024-08-03T06:25:14.359+0000][1.254s] GC(2)   Pre Evacuate Collection Set: 0.1ms
[2024-08-03T06:25:14.359+0000][1.254s] GC(2)   Merge Heap Roots: 0.1ms
[2024-08-03T06:25:14.360+0000][1.254s] GC(2)   Evacuate Collection Set: 3.6ms
[2024-08-03T06:25:14.360+0000][1.255s] GC(2)   Post Evacuate Collection Set: 0.7ms
[2024-08-03T06:25:14.360+0000][1.255s] GC(2)   Other: 0.7ms
[2024-08-03T06:25:14.360+0000][1.255s] GC(2) Eden regions: 58->0(90)
[2024-08-03T06:25:14.360+0000][1.255s] GC(2) Survivor regions: 8->10(11)
[2024-08-03T06:25:14.360+0000][1.255s] GC(2) Old regions: 7->10
[2024-08-03T06:25:14.360+0000][1.255s] GC(2) Archive regions: 2->2
[2024-08-03T06:25:14.360+0000][1.255s] GC(2) Humongous regions: 4->4
[2024-08-03T06:25:14.360+0000][1.255s] GC(2) Metaspace: 21258K(21504K)->21258K(21504K) NonClass: 18626K(18752K)->18626K(18752K) Class: 2632K(2752K)->2632K(2752K)
[2024-08-03T06:25:14.360+0000][1.255s] GC(2) Pause Young (Concurrent Start) (Metadata GC Threshold) 77M->23M(512M) 6.451ms
[2024-08-03T06:25:14.360+0000][1.255s] GC(2) User=0.03s Sys=0.00s Real=0.00s
[2024-08-03T06:25:14.360+0000][1.255s] GC(3) Concurrent Mark Cycle
[2024-08-03T06:25:14.361+0000][1.256s] GC(3) Concurrent Clear Claimed Marks
[2024-08-03T06:25:14.361+0000][1.256s] GC(3) Concurrent Clear Claimed Marks 0.450ms
[2024-08-03T06:25:14.361+0000][1.256s] GC(3) Concurrent Scan Root Regions
[2024-08-03T06:25:14.363+0000][1.258s] GC(3) Concurrent Scan Root Regions 2.136ms
[2024-08-03T06:25:14.364+0000][1.259s] GC(3) Concurrent Mark
[2024-08-03T06:25:14.364+0000][1.259s] GC(3) Concurrent Mark From Roots
[2024-08-03T06:25:14.365+0000][1.260s] GC(3) Using 2 workers of 2 for marking
[2024-08-03T06:25:14.369+0000][1.264s] GC(3) Concurrent Mark From Roots 5.575ms
[2024-08-03T06:25:14.370+0000][1.265s] GC(3) Concurrent Preclean
[2024-08-03T06:25:14.370+0000][1.265s] GC(3) Concurrent Preclean 0.275ms
[2024-08-03T06:25:14.372+0000][1.267s] GC(3) Pause Remark
[2024-08-03T06:25:14.374+0000][1.269s] GC(3) Pause Remark 25M->25M(512M) 2.010ms
[2024-08-03T06:25:14.374+0000][1.269s] GC(3) User=0.00s Sys=0.00s Real=0.01s
[2024-08-03T06:25:14.374+0000][1.269s] GC(3) Concurrent Mark 10.361ms
[2024-08-03T06:25:14.374+0000][1.269s] GC(3) Concurrent Rebuild Remembered Sets
[2024-08-03T06:25:14.377+0000][1.272s] GC(3) Concurrent Rebuild Remembered Sets 3.145ms
[2024-08-03T06:25:14.379+0000][1.273s] GC(3) Pause Cleanup
[2024-08-03T06:25:14.379+0000][1.274s] GC(3) Pause Cleanup 25M->25M(512M) 0.297ms
[2024-08-03T06:25:14.379+0000][1.274s] GC(3) User=0.00s Sys=0.00s Real=0.00s
[2024-08-03T06:25:14.379+0000][1.274s] GC(3) Concurrent Cleanup for Next Mark
[2024-08-03T06:25:14.380+0000][1.275s] GC(3) Concurrent Cleanup for Next Mark 1.142ms
[2024-08-03T06:25:14.380+0000][1.275s] GC(3) Concurrent Mark Cycle 19.877ms
[2024-08-03T06:25:14.983+0000][1.878s] GC(4) Pause Young (Normal) (G1 Evacuation Pause)
[2024-08-03T06:25:14.983+0000][1.878s] GC(4) Using 8 workers of 8 for evacuation
[2024-08-03T06:25:14.986+0000][1.881s] GC(4)   Pre Evacuate Collection Set: 0.1ms
[2024-08-03T06:25:14.986+0000][1.881s] GC(4)   Merge Heap Roots: 0.1ms
[2024-08-03T06:25:14.986+0000][1.881s] GC(4)   Evacuate Collection Set: 2.2ms
[2024-08-03T06:25:14.986+0000][1.881s] GC(4)   Post Evacuate Collection Set: 0.4ms
[2024-08-03T06:25:14.986+0000][1.881s] GC(4)   Other: 0.3ms
[2024-08-03T06:25:14.986+0000][1.881s] GC(4) Eden regions: 96->0(300)
[2024-08-03T06:25:14.986+0000][1.881s] GC(4) Survivor regions: 10->7(14)
[2024-08-03T06:25:14.986+0000][1.881s] GC(4) Old regions: 10->15
[2024-08-03T06:25:14.986+0000][1.881s] GC(4) Archive regions: 2->2
[2024-08-03T06:25:14.986+0000][1.881s] GC(4) Humongous regions: 4->4
[2024-08-03T06:25:14.986+0000][1.881s] GC(4) Metaspace: 26462K(26816K)->26462K(26816K) NonClass: 23180K(23360K)->23180K(23360K) Class: 3282K(3456K)->3282K(3456K)
[2024-08-03T06:25:14.986+0000][1.881s] GC(4) Pause Young (Normal) (G1 Evacuation Pause) 119M->25M(512M) 3.743ms
[2024-08-03T06:25:14.986+0000][1.881s] GC(4) User=0.01s Sys=0.00s Real=0.01s
[2024-08-03T06:25:15.379+0000][2.274s] GC(5) Pause Young (Concurrent Start) (Metadata GC Threshold)
[2024-08-03T06:25:15.380+0000][2.275s] GC(5) Using 8 workers of 8 for evacuation
[2024-08-03T06:25:15.385+0000][2.280s] GC(5)   Pre Evacuate Collection Set: 0.2ms
[2024-08-03T06:25:15.385+0000][2.280s] GC(5)   Merge Heap Roots: 0.1ms
[2024-08-03T06:25:15.385+0000][2.280s] GC(5)   Evacuate Collection Set: 3.5ms
[2024-08-03T06:25:15.386+0000][2.281s] GC(5)   Post Evacuate Collection Set: 0.8ms
[2024-08-03T06:25:15.386+0000][2.281s] GC(5)   Other: 1.0ms
[2024-08-03T06:25:15.386+0000][2.281s] GC(5) Eden regions: 50->0(297)
[2024-08-03T06:25:15.386+0000][2.281s] GC(5) Survivor regions: 7->10(39)
[2024-08-03T06:25:15.386+0000][2.281s] GC(5) Old regions: 15->15
[2024-08-03T06:25:15.386+0000][2.281s] GC(5) Archive regions: 2->2
[2024-08-03T06:25:15.386+0000][2.281s] GC(5) Humongous regions: 4->4
[2024-08-03T06:25:15.387+0000][2.282s] GC(5) Metaspace: 35905K(36288K)->35905K(36288K) NonClass: 31403K(31552K)->31403K(31552K) Class: 4502K(4736K)->4502K(4736K)
[2024-08-03T06:25:15.387+0000][2.282s] GC(5) Pause Young (Concurrent Start) (Metadata GC Threshold) 75M->29M(512M) 7.597ms
[2024-08-03T06:25:15.388+0000][2.282s] GC(5) User=0.03s Sys=0.00s Real=0.01s
[2024-08-03T06:25:15.388+0000][2.283s] GC(6) Concurrent Mark Cycle
[2024-08-03T06:25:15.388+0000][2.283s] GC(6) Concurrent Clear Claimed Marks
[2024-08-03T06:25:15.389+0000][2.284s] GC(6) Concurrent Clear Claimed Marks 0.992ms
[2024-08-03T06:25:15.389+0000][2.284s] GC(6) Concurrent Scan Root Regions
[2024-08-03T06:25:15.399+0000][2.294s] GC(6) Concurrent Scan Root Regions 9.517ms
[2024-08-03T06:25:15.400+0000][2.295s] GC(6) Concurrent Mark
[2024-08-03T06:25:15.400+0000][2.295s] GC(6) Concurrent Mark From Roots
[2024-08-03T06:25:15.401+0000][2.296s] GC(6) Using 2 workers of 2 for marking
[2024-08-03T06:25:15.412+0000][2.307s] GC(6) Concurrent Mark From Roots 11.370ms
[2024-08-03T06:25:15.413+0000][2.308s] GC(6) Concurrent Preclean
[2024-08-03T06:25:15.413+0000][2.308s] GC(6) Concurrent Preclean 0.410ms
[2024-08-03T06:25:15.413+0000][2.308s] GC(6) Pause Remark
[2024-08-03T06:25:15.415+0000][2.310s] GC(6) Pause Remark 31M->31M(512M) 1.411ms
[2024-08-03T06:25:15.415+0000][2.310s] GC(6) User=0.01s Sys=0.00s Real=0.01s
[2024-08-03T06:25:15.415+0000][2.310s] GC(6) Concurrent Mark 15.005ms
[2024-08-03T06:25:15.415+0000][2.310s] GC(6) Concurrent Rebuild Remembered Sets
[2024-08-03T06:25:15.419+0000][2.314s] GC(6) Concurrent Rebuild Remembered Sets 3.452ms
[2024-08-03T06:25:15.420+0000][2.314s] GC(6) Pause Cleanup
[2024-08-03T06:25:15.420+0000][2.315s] GC(6) Pause Cleanup 32M->32M(512M) 0.180ms
[2024-08-03T06:25:15.420+0000][2.315s] GC(6) User=0.00s Sys=0.00s Real=0.00s
[2024-08-03T06:25:15.421+0000][2.316s] GC(6) Concurrent Cleanup for Next Mark
[2024-08-03T06:25:15.422+0000][2.317s] GC(6) Concurrent Cleanup for Next Mark 1.795ms
[2024-08-03T06:25:15.423+0000][2.318s] GC(6) Concurrent Mark Cycle 34.982ms
[2024-08-03T06:30:50.484+0000][337.377s] GC(7) Pause Young (Prepare Mixed) (G1 Evacuation Pause)
[2024-08-03T06:30:50.484+0000][337.378s] GC(7) Using 8 workers of 8 for evacuation
[2024-08-03T06:30:50.568+0000][337.462s] GC(7)   Pre Evacuate Collection Set: 0.6ms
[2024-08-03T06:30:50.568+0000][337.462s] GC(7)   Merge Heap Roots: 0.6ms
[2024-08-03T06:30:50.568+0000][337.462s] GC(7)   Evacuate Collection Set: 78.1ms
[2024-08-03T06:30:50.568+0000][337.462s] GC(7)   Post Evacuate Collection Set: 2.5ms
[2024-08-03T06:30:50.568+0000][337.462s] GC(7)   Other: 2.8ms
[2024-08-03T06:30:50.568+0000][337.462s] GC(7) Eden regions: 297->0(1)
[2024-08-03T06:30:50.568+0000][337.462s] GC(7) Survivor regions: 10->30(39)
[2024-08-03T06:30:50.568+0000][337.462s] GC(7) Old regions: 15->15
[2024-08-03T06:30:50.568+0000][337.462s] GC(7) Archive regions: 2->2
[2024-08-03T06:30:50.568+0000][337.462s] GC(7) Humongous regions: 10->10
[2024-08-03T06:30:50.569+0000][337.462s] GC(7) Metaspace: 56112K(56576K)->56112K(56576K) NonClass: 48929K(49152K)->48929K(49152K) Class: 7183K(7424K)->7183K(7424K)
[2024-08-03T06:30:50.569+0000][337.462s] GC(7) Pause Young (Prepare Mixed) (G1 Evacuation Pause) 332M->55M(512M) 85.256ms
[2024-08-03T06:30:50.569+0000][337.463s] GC(7) User=0.59s Sys=0.00s Real=0.09s
[2024-08-03T06:30:50.585+0000][337.479s] GC(8) Pause Young (Mixed) (G1 Evacuation Pause)
[2024-08-03T06:30:50.585+0000][337.479s] GC(8) Using 8 workers of 8 for evacuation
[2024-08-03T06:30:50.609+0000][337.503s] GC(8)   Pre Evacuate Collection Set: 0.1ms
[2024-08-03T06:30:50.609+0000][337.503s] GC(8)   Merge Heap Roots: 0.0ms
[2024-08-03T06:30:50.609+0000][337.503s] GC(8)   Evacuate Collection Set: 22.7ms
[2024-08-03T06:30:50.609+0000][337.503s] GC(8)   Post Evacuate Collection Set: 1.0ms
[2024-08-03T06:30:50.610+0000][337.503s] GC(8)   Other: 0.3ms
[2024-08-03T06:30:50.610+0000][337.503s] GC(8) Eden regions: 1->0(303)
[2024-08-03T06:30:50.610+0000][337.503s] GC(8) Survivor regions: 30->2(4)
[2024-08-03T06:30:50.610+0000][337.504s] GC(8) Old regions: 15->44
[2024-08-03T06:30:50.610+0000][337.504s] GC(8) Archive regions: 2->2
[2024-08-03T06:30:50.610+0000][337.504s] GC(8) Humongous regions: 10->10
[2024-08-03T06:30:50.610+0000][337.504s] GC(8) Metaspace: 56112K(56576K)->56112K(56576K) NonClass: 48929K(49152K)->48929K(49152K) Class: 7183K(7424K)->7183K(7424K)
[2024-08-03T06:30:50.610+0000][337.504s] GC(8) Pause Young (Mixed) (G1 Evacuation Pause) 56M->56M(512M) 24.834ms
[2024-08-03T06:30:50.610+0000][337.504s] GC(8) User=0.17s Sys=0.00s Real=0.02s
